2026-10-07 17:30:04,864 INFO [uvicorn.access] [-] [IP]:65325 - "POST /api/v1/cloud/filament-info HTTP/1.1" 200
2026-10-07 17:33:09,734 INFO [backend.app.main] [-] Recorded 1 AMS sensor history entries
2026-10-07 17:36:23,874 INFO [uvicorn.access] [-] [IP]:37597 - "POST /api/v1/library/files?generate_stl_thumbnails=true HTTP/1.1" 200
2026-10-07 17:36:23,909 INFO [uvicorn.access] [-] [IP]:37597 - "POST /api/v1/library/files?generate_stl_thumbnails=true HTTP/1.1" 200
2026-10-07 17:36:23,948 INFO [uvicorn.access] [18d3fdf1] [IP]:37597 - "POST /api/v1/library/files?generate_stl_thumbnails=true HTTP/1.1" 200
2026-10-07 17:37:42,602 INFO [backend.app.api.routes.print_queue] [30781101] Added library file 13 to queue for 1
2026-10-07 17:37:42,604 INFO [uvicorn.access] [-] [IP]:60274 - "POST /api/v1/queue/ HTTP/1.1" 200
2026-10-07 17:37:43,355 INFO [backend.app.services.print_scheduler] [-] Queue check: found 1 pending items: [(7, 1, None, 13)]
2026-10-07 17:37:43,364 INFO [backend.app.services.print_scheduler] [-] Queue: printer 1 reserved — selected for dispatch in this pass
2026-10-07 17:37:43,365 INFO [backend.app.services.print_scheduler] [-] Launching 1 upload(s) (pool 0/4 in flight)
2026-10-07 17:37:43,368 INFO [backend.app.services.print_scheduler] [-] Starting queue item 7
2026-10-07 17:37:43,397 INFO [backend.app.services.print_scheduler] [-] Queue item 7: Created archive 5 from library file 13
2026-10-07 17:37:43,398 INFO [backend.app.services.print_scheduler] [-] Queue item 7: FTP upload starting - printer=[PRINTER] ([PRINTER]), ip=[IP], file=Belgium_A_plate_1.3mf, local_path=/opt/[user]/data/archive/library/files/35b9413d06214287a00243ddef856bf0.3mf, retry_enabled=True, retry_count=3, timeout=30.0
2026-10-07 17:37:44,159 INFO [backend.app.services.bambu_ftp] [-] FTP connected successfully to [IP] (model=[PRINTER], prot_c=False)
2026-10-07 17:37:44,180 INFO [backend.app.services.bambu_ftp] [-] FTP connecting to [IP] for upload (model=[PRINTER], mode=prot_p, socket_timeout=30.0s, deadline=600s)...
2026-10-07 17:37:44,944 INFO [backend.app.services.bambu_ftp] [-] FTP connected successfully to [IP] (model=[PRINTER], prot_c=False)
2026-10-07 17:37:44,944 INFO [backend.app.services.bambu_ftp] [-] FTP connected to [IP]
2026-10-07 17:37:44,944 INFO [backend.app.services.bambu_ftp] [-] FTP uploading /opt/[user]/data/archive/library/files/35b9413d06214287a00243ddef856bf0.3mf (589156 bytes) to /Belgium_A_plate_1.3mf
2026-10-07 17:37:44,998 INFO [backend.app.services.bambu_ftp] [-] FTP data channel ready in 0.1s (PASV + TLS handshake)
2026-10-07 17:37:47,848 INFO [backend.app.services.bambu_ftp] [-] FTP STOR confirmed for /Belgium_A_plate_1.3mf: 226
2026-10-07 17:37:47,848 INFO [backend.app.services.bambu_ftp] [-] FTP upload complete: /Belgium_A_plate_1.3mf (589156 bytes in 2.9s, 198 KB/s)
2026-10-07 17:37:47,849 INFO [backend.app.services.bambu_ftp] [-] FTP mode cached for [IP]: prot_p
2026-10-07 17:37:47,864 INFO [backend.app.main] [-] Registered expected print: printer=1, file=Belgium_A_plate_1.3mf, archive=5, ams_mapping=[0, 2, 1, 3], plate_id=1
2026-10-07 17:37:47,869 INFO [backend.app.services.print_scheduler] [-] Queue item 7: Status set to 'printing', sending print command...
2026-10-07 17:37:47,876 INFO [backend.app.services.printer_manager] [-] PRINT COMMAND: printer=1, file=Belgium_A_plate_1.3mf, caller=print_scheduler.py:2431:_dispatch_one
2026-10-07 17:37:47,876 INFO [backend.app.services.bambu_mqtt] [-] [[SERIAL]] Sending print command: {"print": {"sequence_id": "20000", "command": "project_file", "param": "Metadata/plate_1.gcode", "url": "ftp://Belgium_A_plate_1.3mf", "file": "Belgium_A_plate_1.3mf", "md5": "", "bed_type": "auto", "timelapse": false, "bed_leveling": true, "auto_bed_leveling": 1, "flow_cali": false, "vibration_cali": true, "layer_inspect": false, "use_ams": true, "extrude_cali_flag": 0, "extrude_cali_manual_mode": 0, "nozzle_offset_cali": 0, "subtask_name": "Belgium_A_plate_1", "profile_id": "0", "project_id": "386106278", "subtask_id": "386106278", "task_id": "386106278", "ams_mapping": [0, 2, 1, 3], "ams_mapping2": [{"ams_id": 0, "slot_id": 0}, {"ams_id": 0, "slot_id": 2}, {"ams_id": 0, "slot_id": 1}, {"ams_id": 0, "slot_id": 3}]}}
2026-10-07 17:37:47,876 INFO [backend.app.services.print_scheduler] [-] Queue item 7: Print started successfully - Belgium A_plate_1.gcode.3mf
2026-10-07 17:37:52,759 INFO [backend.app.api.routes.websocket] [-] WebSocket client disconnected normally
2026-10-07 17:38:08,334 INFO [backend.app.services.bambu_mqtt] [-] [[SERIAL]] Unnamed print stage 255 on model [PRINTER], entered from 77 (Preparing AMS); state=RUNNING progress=0.0% layer=0/37
2026-10-07 17:38:08,334 INFO [backend.app.services.bambu_mqtt] [-] [[SERIAL]] PRINT START detected - file: Belgium_A_plate_1.3mf, subtask: Belgium_A_plate_1, is_new: True, is_file_change: False
2026-10-07 17:38:08,335 INFO [backend.app.main] [-] [CALLBACK] on_print_start called for printer 1, data keys: ['filename', 'subtask_name', 'remaining_time', 'raw_data', 'ams_mapping']
2026-10-07 17:38:08,336 INFO [backend.app.services.usage_tracker] [-] [UsageTracker] Skipped trays with invalid remain% for printer 1: AMS0-T1(remain=-1), AMS0-T2(remain=-1), AMS0-T3(remain=-1)
2026-10-07 17:38:08,336 INFO [backend.app.services.usage_tracker] [-] [UsageTracker] PRINT START printer 1: mapping=None, tray_now=255, last_loaded_tray=3
2026-10-07 17:38:08,336 INFO [backend.app.services.usage_tracker] [-] [UsageTracker] PRINT START printer 1: mapping-related keys: {'ams_extruder_map': {'0': 0}}
2026-10-07 17:38:08,336 INFO [backend.app.services.usage_tracker] [-] [UsageTracker] PRINT START printer 1 AMS 0: T0(type=PLA, color=000000FF, now=?, tar=?), T1(type=PLA, color=F72323FF, now=?, tar=?), T2(type=PLA, color=FFFFFFFF, now=?, tar=?), T3(type=PLA, color=FFF144FF, now=?, tar=?)
2026-10-07 17:38:08,337 INFO [backend.app.services.usage_tracker] [-] [UsageTracker] Snapshotted 1 spool assignments for printer 1: {'0-0': 2}
2026-10-07 17:38:08,341 INFO [backend.app.services.usage_tracker] [-] [UsageTracker] Captured start remain% for printer 1 (2 trays): {'0-0': 80, '255-0': 0}
2026-10-07 17:38:08,342 INFO [backend.app.services.smart_plug_manager] [-] Print started on printer 1, turning on plug 'Steckdose 3D Druck'
2026-10-07 17:38:08,474 INFO [backend.app.services.homeassistant] [-] Turned ON HA entity 'Steckdose 3D Druck' (switch.steckdose_3d_druck_schalter)
2026-10-07 17:38:08,476 INFO [backend.app.main] [-] [PLATE CHECK] printer_id=1, plate_detection_enabled=False
2026-10-07 17:38:08,476 INFO [backend.app.main] [-] [CALLBACK] Print start detected - filename: Belgium_A_plate_1.3mf, subtask: Belgium_A_plate_1
2026-10-07 17:38:08,476 INFO [backend.app.main] [-] Using expected archive 5 for print (skipping duplicate)
2026-10-07 17:38:08,478 INFO [backend.app.main] [-] [CALLBACK] Injected ams_mapping into usage tracker session: [0, 2, 1, 3]
2026-10-07 17:38:08,504 INFO [backend.app.main] [-] [ENERGY] Recorded starting energy (expected-print) for archive 5 from plug 'Steckdose 3D Druck': 120.251 kWh
2026-10-07 17:38:08,505 INFO [backend.app.main] [-] [SNAPSHOT] Capturing fresh frame for printer 1
2026-10-07 17:38:08,505 INFO [backend.app.services.camera] [-] Capturing camera frame bytes from [IP] using chamber image protocol (model: [PRINTER])
2026-10-07 17:38:09,739 INFO [backend.app.main] [-] Sending temperature alarm for [PRINTER] AMS-A: 6503.6°C > 35.0°C
2026-10-07 17:38:09,741 INFO [backend.app.main] [-] Recorded 1 AMS sensor history entries
2026-10-07 17:38:10,298 INFO [backend.app.main] [-] [SNAPSHOT] Fresh camera frame: 66346 bytes
2026-10-07 17:38:10,298 INFO [backend.app.services.notification_service] [-] on_print_start called for printer 1 ([PRINTER])
2026-10-07 17:38:10,304 INFO [backend.app.services.notification_service] [-] No notification providers configured for print_start event on printer 1
2026-10-07 17:38:10,306 INFO [backend.app.main] [-] Loaded 1 printable objects for printer 1
2026-10-07 17:38:11,139 INFO [backend.app.services.bambu_ftp] [-] FTP connected successfully to [IP] (model=[PRINTER], prot_c=False)
2026-10-07 17:38:11,342 INFO [backend.app.main] [-] [TIMELAPSE] Baseline at print start: 6 video files for printer 1
2026-10-07 17:39:24,869 INFO [backend.app.services.bambu_mqtt] [-] [[SERIAL]] Tray change during print: tray=0 at layer=0
2026-10-07 17:39:32,940 INFO [backend.app.main] [-] [Printer 1] Broadcasting AMS change via WebSocket
2026-10-07 17:40:05,188 INFO [backend.app.main] [-] [SNAPSHOT] Capturing fresh frame for printer 1
2026-10-07 17:40:05,188 INFO [backend.app.services.camera] [-] Capturing camera frame bytes from [IP] using chamber image protocol (model: [PRINTER])
2026-10-07 17:40:06,814 INFO [backend.app.main] [-] [SNAPSHOT] Fresh camera frame: 55733 bytes
2026-10-07 17:43:09,745 INFO [backend.app.main] [-] Recorded 1 AMS sensor history entries
2026-10-07 17:45:23,551 INFO [backend.app.main] [-] [SNAPSHOT] Capturing fresh frame for printer 1
2026-10-07 17:45:23,551 INFO [backend.app.services.camera] [-] Capturing camera frame bytes from [IP] using chamber image protocol (model: [PRINTER])
2026-10-07 17:45:25,182 INFO [backend.app.main] [-] [SNAPSHOT] Fresh camera frame: 56061 bytes
2026-10-07 17:47:24,486 INFO [backend.app.main] [-] [SNAPSHOT] Capturing fresh frame for printer 1
2026-10-07 17:47:24,487 INFO [backend.app.services.camera] [-] Capturing camera frame bytes from [IP] using chamber image protocol (model: [PRINTER])
2026-10-07 17:47:26,256 INFO [backend.app.main] [-] [SNAPSHOT] Fresh camera frame: 58984 bytes
2026-10-07 17:48:09,750 INFO [backend.app.main] [-] Recorded 1 AMS sensor history entries
2026-10-07 17:48:47,134 INFO [backend.app.main] [-] [Printer 1] Broadcasting AMS change via WebSocket
2026-10-07 17:49:11,301 INFO [backend.app.main] [-] [SNAPSHOT] Capturing fresh frame for printer 1
2026-10-07 17:49:11,302 INFO [backend.app.services.camera] [-] Capturing camera frame bytes from [IP] using chamber image protocol (model: [PRINTER])
2026-10-07 17:49:13,047 INFO [backend.app.main] [-] [SNAPSHOT] Fresh camera frame: 63246 bytes
2026-10-07 17:51:02,152 INFO [backend.app.main] [-] [Printer 1] Broadcasting AMS change via WebSocket
2026-10-07 17:51:02,156 INFO [backend.app.main] [-] [SNAPSHOT] Capturing fresh frame for printer 1
2026-10-07 17:51:02,156 INFO [backend.app.services.camera] [-] Capturing camera frame bytes from [IP] using chamber image protocol (model: [PRINTER])
2026-10-07 17:51:03,936 INFO [backend.app.main] [-] [SNAPSHOT] Fresh camera frame: 61807 bytes
2026-10-07 17:52:44,961 INFO [backend.app.main] [-] [SNAPSHOT] Capturing fresh frame for printer 1
2026-10-07 17:52:44,961 INFO [backend.app.services.camera] [-] Capturing camera frame bytes from [IP] using chamber image protocol (model: [PRINTER])
2026-10-07 17:52:46,753 INFO [backend.app.main] [-] [SNAPSHOT] Fresh camera frame: 63497 bytes
2026-10-07 17:53:09,754 INFO [backend.app.main] [-] Recorded 1 AMS sensor history entries
2026-10-07 17:53:17,214 INFO [backend.app.main] [-] [Printer 1] Broadcasting AMS change via WebSocket
2026-10-07 17:54:19,673 INFO [backend.app.main] [-] [SNAPSHOT] Capturing fresh frame for printer 1
2026-10-07 17:54:19,673 INFO [backend.app.services.camera] [-] Capturing camera frame bytes from [IP] using chamber image protocol (model: [PRINTER])
2026-10-07 17:54:21,368 INFO [backend.app.main] [-] [SNAPSHOT] Fresh camera frame: 61659 bytes
2026-10-07 17:55:44,329 INFO [backend.app.main] [-] [SNAPSHOT] Capturing fresh frame for printer 1
2026-10-07 17:55:44,329 INFO [backend.app.services.camera] [-] Capturing camera frame bytes from [IP] using chamber image protocol (model: [PRINTER])
2026-10-07 17:55:46,011 INFO [backend.app.main] [-] [SNAPSHOT] Fresh camera frame: 60631 bytes
2026-10-07 17:57:08,996 INFO [backend.app.main] [-] [SNAPSHOT] Capturing fresh frame for printer 1
2026-10-07 17:57:08,996 INFO [backend.app.services.camera] [-] Capturing camera frame bytes from [IP] using chamber image protocol (model: [PRINTER])
2026-10-07 17:57:10,694 INFO [backend.app.main] [-] [SNAPSHOT] Fresh camera frame: 57203 bytes
2026-10-07 17:58:09,758 INFO [backend.app.main] [-] Recorded 1 AMS sensor history entries
2026-10-07 17:58:11,451 INFO [backend.app.main] [-] [SNAPSHOT] Capturing fresh frame for printer 1
2026-10-07 17:58:11,451 INFO [backend.app.services.camera] [-] Capturing camera frame bytes from [IP] using chamber image protocol (model: [PRINTER])
2026-10-07 17:58:13,141 INFO [backend.app.main] [-] [SNAPSHOT] Fresh camera frame: 55207 bytes
2026-10-07 17:58:13,143 INFO [backend.app.main] [-] [SNAPSHOT] Capturing fresh frame for printer 1
2026-10-07 17:58:13,143 INFO [backend.app.services.camera] [-] Capturing camera frame bytes from [IP] using chamber image protocol (model: [PRINTER])
2026-10-07 17:58:14,652 INFO [backend.app.main] [-] [SNAPSHOT] Fresh camera frame: 55394 bytes
2026-10-07 18:00:00,025 INFO [backend.app.services.smart_plug_manager] [-] Captured 1 energy snapshot(s)
2026-10-07 18:00:02,314 INFO [backend.app.main] [-] [Printer 1] Broadcasting AMS change via WebSocket
2026-10-07 18:00:10,357 INFO [backend.app.main] [-] [SNAPSHOT] Capturing fresh frame for printer 1
2026-10-07 18:00:10,357 INFO [backend.app.services.camera] [-] Capturing camera frame bytes from [IP] using chamber image protocol (model: [PRINTER])
2026-10-07 18:00:12,069 INFO [backend.app.main] [-] [SNAPSHOT] Fresh camera frame: 54910 bytes
2026-10-07 18:01:37,034 INFO [backend.app.main] [-] [Printer 1] Broadcasting AMS change via WebSocket
2026-10-07 18:01:53,167 INFO [backend.app.main] [-] [SNAPSHOT] Capturing fresh frame for printer 1
2026-10-07 18:01:53,167 INFO [backend.app.services.camera] [-] Capturing camera frame bytes from [IP] using chamber image protocol (model: [PRINTER])
2026-10-07 18:01:54,797 INFO [backend.app.main] [-] [SNAPSHOT] Fresh camera frame: 57621 bytes
2026-10-07 18:03:09,764 INFO [backend.app.main] [-] Recorded 1 AMS sensor history entries
2026-10-07 18:03:21,845 INFO [backend.app.main] [-] [Printer 1] Broadcasting AMS change via WebSocket
2026-10-07 18:03:23,864 INFO [backend.app.main] [-] [SNAPSHOT] Capturing fresh frame for printer 1
2026-10-07 18:03:23,864 INFO [backend.app.services.camera] [-] Capturing camera frame bytes from [IP] using chamber image protocol (model: [PRINTER])
2026-10-07 18:03:25,554 INFO [backend.app.main] [-] [SNAPSHOT] Fresh camera frame: 58892 bytes
2026-10-07 18:04:40,443 INFO [backend.app.main] [-] [SNAPSHOT] Capturing fresh frame for printer 1
2026-10-07 18:04:40,443 INFO [backend.app.services.camera] [-] Capturing camera frame bytes from [IP] using chamber image protocol (model: [PRINTER])
2026-10-07 18:04:42,076 INFO [backend.app.main] [-] [SNAPSHOT] Fresh camera frame: 57463 bytes
2026-10-07 18:05:04,657 INFO [backend.app.main] [-] [Printer 1] Broadcasting AMS change via WebSocket
2026-10-07 18:06:31,320 INFO [backend.app.main] [-] [SNAPSHOT] Capturing fresh frame for printer 1
2026-10-07 18:06:31,320 INFO [backend.app.services.camera] [-] Capturing camera frame bytes from [IP] using chamber image protocol (model: [PRINTER])
2026-10-07 18:06:32,949 INFO [backend.app.main] [-] [SNAPSHOT] Fresh camera frame: 54263 bytes
2026-10-07 18:06:49,464 INFO [backend.app.main] [-] [Printer 1] Broadcasting AMS change via WebSocket
2026-10-07 18:08:09,767 INFO [backend.app.main] [-] Recorded 1 AMS sensor history entries
2026-10-07 18:08:18,134 INFO [backend.app.main] [-] [SNAPSHOT] Capturing fresh frame for printer 1
2026-10-07 18:08:18,134 INFO [backend.app.services.camera] [-] Capturing camera frame bytes from [IP] using chamber image protocol (model: [PRINTER])
2026-10-07 18:08:19,787 INFO [backend.app.main] [-] [SNAPSHOT] Fresh camera frame: 57576 bytes
2026-10-07 18:08:32,251 INFO [backend.app.main] [-] [Printer 1] Broadcasting AMS change via WebSocket
2026-10-07 18:09:44,793 INFO [backend.app.main] [-] [SNAPSHOT] Capturing fresh frame for printer 1
2026-10-07 18:09:44,793 INFO [backend.app.services.camera] [-] Capturing camera frame bytes from [IP] using chamber image protocol (model: [PRINTER])
2026-10-07 18:09:46,440 INFO [backend.app.main] [-] [SNAPSHOT] Fresh camera frame: 57195 bytes
2026-10-07 18:09:54,857 INFO [uvicorn.access] [-] [IP]:54028 - "POST /api/v1/auth/oidc/exchange HTTP/1.1" 200
2026-10-07 18:09:54,989 INFO [uvicorn.access] [-] [IP]:54028 - "POST /api/v1/auth/media-token HTTP/1.1" 200
2026-10-07 18:09:55,025 INFO [uvicorn.access] [-] [IP]:54028 - "POST /api/v1/printers/camera/stream-token HTTP/1.1" 200
2026-10-07 18:09:55,089 INFO [uvicorn.access] [-] [IP]:54028 - "POST /api/v1/auth/ws-token HTTP/1.1" 200
2026-10-07 18:09:55,191 INFO [backend.app.api.routes.printers] [845707db] Cover: resolved plate 1 before download (subtask=Belgium_A_plate_1)
2026-10-07 18:09:55,192 INFO [backend.app.api.routes.printers] [845707db] Cover using cached 3MF from /opt/[user]/data/archive/library/files/35b9413d06214287a00243ddef856bf0.3mf (avoided duplicate FTP)
2026-10-07 18:09:55,192 INFO [backend.app.api.routes.printers] [845707db] Downloaded file size: 589156 bytes
2026-10-07 18:09:55,218 INFO [backend.app.api.routes.websocket] [-] WebSocket client connecting (principal=[USER])
2026-10-07 18:09:55,224 INFO [backend.app.api.routes.websocket] [-] WebSocket client connected
2026-10-07 18:09:55,224 INFO [backend.app.api.routes.websocket] [-] Sent initial status for 1 printers
2026-10-07 18:09:55,229 INFO [backend.app.api.routes.cloud] [c528cde0] get_filament_info called with 4 IDs: ['GFA19', 'GFL01', 'GFL03', 'GFU99']
2026-10-07 18:09:56,005 INFO [uvicorn.access] [-] [IP]:56210 - "POST /api/v1/cloud/filament-info HTTP/1.1" 200
2026-10-07 18:10:00,554 INFO [uvicorn.access] [-] [IP]:61177 - "POST /api/v1/printers/camera/stream-token HTTP/1.1" 200
2026-10-07 18:10:00,612 INFO [backend.app.api.routes.camera] [f82e1a20] Using chamber image protocol for [PRINTER]
2026-10-07 18:10:00,613 INFO [backend.app.api.routes.camera] [f82e1a20] Camera viewer attached to printer-1 (subscribers=1)
2026-10-07 18:10:00,613 INFO [backend.app.api.routes.camera] [f82e1a20] Starting chamber image stream for [IP] (stream_id=1-fanout-5b39b961, model=[PRINTER])
2026-10-07 18:10:00,690 INFO [uvicorn.access] [-] [IP]:56953 - "POST /api/v1/printers/camera/stream-token HTTP/1.1" 200
2026-10-07 18:10:00,693 INFO [uvicorn.access] [-] [IP]:56210 - "POST /api/v1/auth/media-token HTTP/1.1" 200
2026-10-07 18:10:00,751 INFO [backend.app.api.routes.camera] [7d7300ed] Using chamber image protocol for [PRINTER]
2026-10-07 18:10:00,751 INFO [backend.app.api.routes.camera] [7d7300ed] Camera viewer attached to printer-1 (subscribers=2)
2026-10-07 18:10:01,361 INFO [backend.app.services.camera] [f82e1a20] Chamber image: connected to [IP]:6000
2026-10-07 18:10:03,708 INFO [backend.app.api.routes.camera] [f82e1a20] Camera viewer detached from printer-1 (subscribers=1)
2026-10-07 18:10:09,108 INFO [backend.app.main] [-] [Printer 1] Broadcasting AMS change via WebSocket
2026-10-07 18:10:26,211 INFO [backend.app.api.routes.camera] [9031061c] Skipping force-shutdown for printer 1: 1 subscriber(s) still attached; natural cleanup will tear down when last viewer disconnects
2026-10-07 18:10:26,211 INFO [uvicorn.access] [-] [IP]:19440 - "POST /api/v1/printers/1/camera/stop HTTP/1.1" 200
2026-10-07 18:10:26,248 INFO [backend.app.api.routes.camera] [7d7300ed] Camera viewer detached from printer-1 (subscribers=0)
2026-10-07 18:10:31,250 INFO [backend.app.api.routes.camera] [f82e1a20] Chamber image stream cancelled (stream_id=1-fanout-5b39b961)
2026-10-07 18:10:31,256 INFO [backend.app.api.routes.camera] [f82e1a20] Chamber image stream stopped for [IP] (stream_id=1-fanout-5b39b961)
2026-10-07 18:11:06,495 INFO [backend.app.main] [-] [SNAPSHOT] Capturing fresh frame for printer 1
2026-10-07 18:11:06,495 INFO [backend.app.services.camera] [-] Capturing camera frame bytes from [IP] using chamber image protocol (model: [PRINTER])
2026-10-07 18:11:08,260 INFO [backend.app.main] [-] [SNAPSHOT] Fresh camera frame: 62093 bytes
2026-10-07 18:11:51,036 INFO [backend.app.main] [-] [Printer 1] Broadcasting AMS change via WebSocket
2026-10-07 18:12:02,155 INFO [backend.app.api.routes.support] [39558dc8] Log level changed to DEBUG
2026-10-07 18:12:02,155 INFO [backend.app.api.routes.bug_report] [39558dc8] Bug report: enabled debug logging
2026-10-07 18:12:02,155 DEBUG [backend.app.services.bambu_mqtt] [39558dc8] [[SERIAL]] Requesting status update (pushall)
2026-10-07 18:12:02,156 INFO [uvicorn.access] [-] [IP]:51244 - "POST /api/v1/bug-report/start-logging HTTP/1.1" 200
2026-10-07 18:12:02,200 DEBUG [backend.app.services.bambu_mqtt] [-] [[SERIAL]] Received gcode_state: RUNNING, gcode_file: Belgium_A_plate_1.3mf, subtask_name: Belgium_A_plate_1
2026-10-07 18:12:02,200 DEBUG [backend.app.services.bambu_mqtt] [-] [[SERIAL]] AMS dict fields: {'ams_exist_bits': '1', 'tray_exist_bits': 'f', 'tray_is_bbl_bits': 'f', 'tray_tar': '0', 'tray_now': '0', 'tray_pre': '0', 'tray_read_done_bits': 'f', 'tray_reading_bits': '0', 'version': 18, 'insert_flag': True, 'power_on_flag': False}
2026-10-07 18:12:02,200 DEBUG [backend.app.services.bambu_mqtt] [-] [[SERIAL]] tray_now updated: 0
2026-10-07 18:12:02,200 DEBUG [backend.app.services.bambu_mqtt] [-] [[SERIAL]] Merged AMS data: 1 new units, 1 total
2026-10-07 18:12:02,200 DEBUG [backend.app.services.bambu_mqtt] [-] [[SERIAL]] AMS 0 info=0x1001 -> extruder 0
2026-10-07 18:12:02,200 DEBUG [backend.app.services.bambu_mqtt] [-] [[SERIAL]] ams_extruder_map: {'0': 0}
2026-10-07 18:12:02,200 DEBUG [backend.app.services.bambu_mqtt] [-] [[SERIAL]] ams_status: 768 (main=3, sub=0)
2026-10-07 18:12:02,200 DEBUG [backend.app.services.bambu_mqtt] [-] [[SERIAL]] Received command response: push_status
2026-10-07 18:12:02,200 DEBUG [backend.app.services.bambu_mqtt] [-] [[SERIAL]] chamber_temper raw value: 5.0
2026-10-07 18:12:02,200 DEBUG [backend.app.services.bambu_mqtt] [-] [[SERIAL]] chamber_temper direct value: 5.0°C (heater OFF)
2026-10-07 18:12:02,200 DEBUG [backend.app.services.bambu_mqtt] [-] [[SERIAL]] Chamber heating calculated: target=0.0, current=5.0, heating=False, respect_local=False
2026-10-07 18:12:02,200 DEBUG [backend.app.services.bambu_mqtt] [-] [[SERIAL]] Chamber temp updated to: 5.0, target: 0.0, heating: False
2026-10-07 18:12:02,201 DEBUG [backend.app.services.bambu_mqtt] [-] [[SERIAL]] HMS data received: []
2026-10-07 18:12:02,201 DEBUG [backend.app.services.bambu_mqtt] [-] [[SERIAL]] ipcam field: {'ipcam_dev': '1', 'ipcam_record': 'disable', 'timelapse': 'disable', 'resolution': '', 'tutk_server': 'disable', 'mode_bits': 3}
2026-10-07 18:12:02,201 DEBUG [backend.app.services.bambu_mqtt] [-] [[SERIAL]] wifi_signal received: -70dBm
2026-10-07 18:12:02,201 DEBUG [backend.app.services.bambu_mqtt] [-] [[SERIAL]] lights_report: [{'node': 'chamber_light', 'mode': 'on'}]
2026-10-07 18:12:02,201 DEBUG [backend.app.services.bambu_mqtt] [-] [[SERIAL]] gcode_state: RUNNING -> RUNNING, file: Belgium_A_plate_1.3mf, subtask: Belgium_A_plate_1
2026-10-07 18:12:04,222 DEBUG [backend.app.services.bambu_mqtt] [-] [[SERIAL]] Received command response: push_status
2026-10-07 18:12:04,222 DEBUG [backend.app.services.bambu_mqtt] [-] [[SERIAL]] wifi_signal received: -69dBm
2026-10-07 18:12:08,244 DEBUG [backend.app.services.bambu_mqtt] [-] [[SERIAL]] Received command response: push_status
2026-10-07 18:12:08,244 DEBUG [backend.app.services.bambu_mqtt] [-] [[SERIAL]] wifi_signal received: -67dBm
2026-10-07 18:12:10,263 DEBUG [backend.app.services.bambu_mqtt] [-] [[SERIAL]] Received command response: push_status
2026-10-07 18:12:10,264 DEBUG [backend.app.services.bambu_mqtt] [-] [[SERIAL]] wifi_signal received: -73dBm
2026-10-07 18:12:11,885 DEBUG [backend.app.main] [-] Recorded 3 printer sensor history entries
2026-10-07 18:12:12,281 DEBUG [backend.app.services.bambu_mqtt] [-] [[SERIAL]] Received command response: push_status
2026-10-07 18:12:12,281 DEBUG [backend.app.services.bambu_mqtt] [-] [[SERIAL]] wifi_signal received: -69dBm
2026-10-07 18:12:16,302 DEBUG [backend.app.services.bambu_mqtt] [-] [[SERIAL]] Received command response: push_status
2026-10-07 18:12:16,302 DEBUG [backend.app.services.bambu_mqtt] [-] [[SERIAL]] wifi_signal received: -70dBm
2026-10-07 18:12:19,000 DEBUG [backend.app.main] [-] [[PRINTER]] Runtime tracking: added 30s, total=22680s (6.30h)
2026-10-07 18:12:19,001 DEBUG [backend.app.main] [-] Updated runtime for 1 printer(s)
2026-10-07 18:12:20,334 DEBUG [backend.app.services.bambu_mqtt] [-] [[SERIAL]] Received command response: push_status
2026-10-07 18:12:20,334 DEBUG [backend.app.services.bambu_mqtt] [-] [[SERIAL]] wifi_signal received: -74dBm
2026-10-07 18:12:21,354 DEBUG [backend.app.api.routes.printers] [8fa121ec] API returning ams_mapping: [], ams_extruder_map: {'0': 0}
2026-10-07 18:12:21,354 DEBUG [backend.app.api.routes.printers] [8fa121ec] Using tray_now directly as global ID: 0
2026-10-07 18:12:22,355 DEBUG [backend.app.services.bambu_mqtt] [-] [[SERIAL]] Received command response: push_status
2026-10-07 18:12:22,355 DEBUG [backend.app.services.bambu_mqtt] [-] [[SERIAL]] wifi_signal received: -71dBm
2026-10-07 18:12:28,392 DEBUG [backend.app.services.bambu_mqtt] [-] [[SERIAL]] Received command response: push_status
2026-10-07 18:12:28,392 DEBUG [backend.app.services.bambu_mqtt] [-] [[SERIAL]] wifi_signal received: -64dBm