2026-09-06 10:46:28,741 DEBUG [backend.app.services.bambu_mqtt] [-] [[SERIAL]] gcode_state: IDLE -> IDLE, file: , subtask: 
2026-09-06 10:46:28,947 DEBUG [backend.app.services.virtual_printer.ssdp_server] [6613867c] Received M-SEARCH from [IP]
2026-09-06 10:46:28,948 INFO [backend.app.services.virtual_printer.ssdp_server] [6613867c] Sent SSDP response to [IP] for 'Bambuddy [PRINTER]' (Location=[IP], USN=22E00A391800001)
2026-09-06 10:46:29,318 DEBUG [backend.app.api.routes.printers] [3e2016cd] API returning ams_mapping: [], ams_extruder_map: {'0': 0}
2026-09-06 10:46:29,319 DEBUG [backend.app.api.routes.printers] [3e2016cd] Using tray_now directly as global ID: 255
2026-09-06 10:46:29,898 DEBUG [backend.app.services.bambu_mqtt] [-] [[SERIAL]] Found xcam inside print data: {'allow_skip_parts': False, 'buildplate_marker_detector': False, 'cfg': 8088999, 'first_layer_inspector': True, 'halt_print_sensitivity': 'medium', 'print_halt': True, 'printing_monitor': True, 'spaghetti_detector': True}
2026-09-06 10:46:29,898 DEBUG [backend.app.services.bambu_mqtt] [-] [[SERIAL]] Parsing xcam data - all fields: ['allow_skip_parts', 'buildplate_marker_detector', 'cfg', 'first_layer_inspector', 'halt_print_sensitivity', 'print_halt', 'printing_monitor', 'spaghetti_detector']
2026-09-06 10:46:29,898 DEBUG [backend.app.services.bambu_mqtt] [-] [[SERIAL]] xcam cfg bitmask: 8088999 (binary: 0b11110110110110110100111)
2026-09-06 10:46:29,898 DEBUG [backend.app.services.bambu_mqtt] [-] [[SERIAL]] Received gcode_state: IDLE, gcode_file: , subtask_name: 
2026-09-06 10:46:29,899 DEBUG [backend.app.services.bambu_mqtt] [-] [[SERIAL]] ams_extruder_map: {'0': 0}
2026-09-06 10:46:29,899 DEBUG [backend.app.services.bambu_mqtt] [-] [[SERIAL]] Received command response: push_status
2026-09-06 10:46:29,900 DEBUG [backend.app.services.bambu_mqtt] [-] [[SERIAL]] HMS data received: [{'attr': 83887616, 'code': 131184, 'ts_boot': 171429, 'ts_unix': '20260906051629'}, {'attr': 50332160, 'code': 65545, 'ts_boot': 5009402, 'ts_unix': '20260906063707'}]
2026-09-06 10:46:29,901 DEBUG [backend.app.services.bambu_mqtt] [-] [[SERIAL]] lights_report: [{'mode': 'off', 'node': 'chamber_light'}, {'mode': 'flashing', 'node': 'work_light'}]
2026-09-06 10:46:29,901 DEBUG [backend.app.services.bambu_mqtt] [-] [[SERIAL]] MQTT mapping field: []
2026-09-06 10:46:29,902 DEBUG [backend.app.services.bambu_mqtt] [-] [[SERIAL]] gcode_state: IDLE -> IDLE, file: , subtask: 
2026-09-06 10:46:30,154 DEBUG [backend.app.services.print_scheduler] [-] Auto-drying: printer 1 skipped — printing or about to
2026-09-06 10:46:31,105 DEBUG [backend.app.services.bambu_mqtt] [-] [[SERIAL]] Found xcam inside print data: {'allow_skip_parts': False, 'buildplate_marker_detector': False, 'cfg': 8088999, 'first_layer_inspector': True, 'halt_print_sensitivity': 'medium', 'print_halt': True, 'printing_monitor': True, 'spaghetti_detector': True}
2026-09-06 10:46:31,106 DEBUG [backend.app.services.bambu_mqtt] [-] [[SERIAL]] Parsing xcam data - all fields: ['allow_skip_parts', 'buildplate_marker_detector', 'cfg', 'first_layer_inspector', 'halt_print_sensitivity', 'print_halt', 'printing_monitor', 'spaghetti_detector']
2026-09-06 10:46:31,106 DEBUG [backend.app.services.bambu_mqtt] [-] [[SERIAL]] xcam cfg bitmask: 8088999 (binary: 0b11110110110110110100111)
2026-09-06 10:46:31,106 DEBUG [backend.app.services.bambu_mqtt] [-] [[SERIAL]] Received gcode_state: IDLE, gcode_file: , subtask_name: 
2026-09-06 10:46:31,107 DEBUG [backend.app.services.bambu_mqtt] [-] [[SERIAL]] ams_extruder_map: {'0': 0}
2026-09-06 10:46:31,107 DEBUG [backend.app.services.bambu_mqtt] [-] [[SERIAL]] Received command response: push_status
2026-09-06 10:46:31,108 DEBUG [backend.app.services.bambu_mqtt] [-] [[SERIAL]] HMS data received: [{'attr': 83887616, 'code': 131184, 'ts_boot': 171429, 'ts_unix': '20260906051629'}, {'attr': 50332160, 'code': 65545, 'ts_boot': 5009402, 'ts_unix': '20260906063707'}]
2026-09-06 10:46:31,109 DEBUG [backend.app.services.bambu_mqtt] [-] [[SERIAL]] lights_report: [{'mode': 'off', 'node': 'chamber_light'}, {'mode': 'flashing', 'node': 'work_light'}]
2026-09-06 10:46:31,109 DEBUG [backend.app.services.bambu_mqtt] [-] [[SERIAL]] MQTT mapping field: []
2026-09-06 10:46:31,110 DEBUG [backend.app.services.bambu_mqtt] [-] [[SERIAL]] gcode_state: IDLE -> IDLE, file: , subtask: 
2026-09-06 10:46:32,344 DEBUG [backend.app.services.bambu_mqtt] [-] [[SERIAL]] Found xcam inside print data: {'allow_skip_parts': False, 'buildplate_marker_detector': False, 'cfg': 8088999, 'first_layer_inspector': True, 'halt_print_sensitivity': 'medium', 'print_halt': True, 'printing_monitor': True, 'spaghetti_detector': True}
2026-09-06 10:46:32,344 DEBUG [backend.app.services.bambu_mqtt] [-] [[SERIAL]] Parsing xcam data - all fields: ['allow_skip_parts', 'buildplate_marker_detector', 'cfg', 'first_layer_inspector', 'halt_print_sensitivity', 'print_halt', 'printing_monitor', 'spaghetti_detector']
2026-09-06 10:46:32,344 DEBUG [backend.app.services.bambu_mqtt] [-] [[SERIAL]] xcam cfg bitmask: 8088999 (binary: 0b11110110110110110100111)
2026-09-06 10:46:32,344 DEBUG [backend.app.services.bambu_mqtt] [-] [[SERIAL]] Received gcode_state: IDLE, gcode_file: , subtask_name: 
2026-09-06 10:46:32,345 DEBUG [backend.app.services.bambu_mqtt] [-] [[SERIAL]] ams_extruder_map: {'0': 0}
2026-09-06 10:46:32,345 DEBUG [backend.app.services.bambu_mqtt] [-] [[SERIAL]] Received command response: push_status
2026-09-06 10:46:32,345 DEBUG [backend.app.services.bambu_mqtt] [-] [[SERIAL]] HMS data received: [{'attr': 83887616, 'code': 131184, 'ts_boot': 171429, 'ts_unix': '20260906051629'}, {'attr': 50332160, 'code': 65545, 'ts_boot': 5009402, 'ts_unix': '20260906063707'}]
2026-09-06 10:46:32,346 DEBUG [backend.app.services.bambu_mqtt] [-] [[SERIAL]] lights_report: [{'mode': 'off', 'node': 'chamber_light'}, {'mode': 'flashing', 'node': 'work_light'}]
2026-09-06 10:46:32,346 DEBUG [backend.app.services.bambu_mqtt] [-] [[SERIAL]] MQTT mapping field: []
2026-09-06 10:46:32,347 DEBUG [backend.app.services.bambu_mqtt] [-] [[SERIAL]] gcode_state: IDLE -> IDLE, file: , subtask: 
2026-09-06 10:46:33,199 DEBUG [backend.app.services.print_scheduler] [-] Auto-drying: printer 1 skipped — printing or about to
2026-09-06 10:46:33,470 DEBUG [backend.app.services.bambu_mqtt] [-] [[SERIAL]] Found xcam inside print data: {'allow_skip_parts': False, 'buildplate_marker_detector': False, 'cfg': 8088999, 'first_layer_inspector': True, 'halt_print_sensitivity': 'medium', 'print_halt': True, 'printing_monitor': True, 'spaghetti_detector': True}
2026-09-06 10:46:33,470 DEBUG [backend.app.services.bambu_mqtt] [-] [[SERIAL]] Parsing xcam data - all fields: ['allow_skip_parts', 'buildplate_marker_detector', 'cfg', 'first_layer_inspector', 'halt_print_sensitivity', 'print_halt', 'printing_monitor', 'spaghetti_detector']
2026-09-06 10:46:33,471 DEBUG [backend.app.services.bambu_mqtt] [-] [[SERIAL]] xcam cfg bitmask: 8088999 (binary: 0b11110110110110110100111)
2026-09-06 10:46:33,471 DEBUG [backend.app.services.bambu_mqtt] [-] [[SERIAL]] Received gcode_state: IDLE, gcode_file: , subtask_name: 
2026-09-06 10:46:33,472 DEBUG [backend.app.services.bambu_mqtt] [-] [[SERIAL]] ams_extruder_map: {'0': 0}
2026-09-06 10:46:33,472 DEBUG [backend.app.services.bambu_mqtt] [-] [[SERIAL]] Received command response: push_status
2026-09-06 10:46:33,473 DEBUG [backend.app.services.bambu_mqtt] [-] [[SERIAL]] HMS data received: [{'attr': 83887616, 'code': 131184, 'ts_boot': 171429, 'ts_unix': '20260906051629'}, {'attr': 50332160, 'code': 65545, 'ts_boot': 5009402, 'ts_unix': '20260906063707'}]
2026-09-06 10:46:33,474 DEBUG [backend.app.services.bambu_mqtt] [-] [[SERIAL]] lights_report: [{'mode': 'off', 'node': 'chamber_light'}, {'mode': 'flashing', 'node': 'work_light'}]
2026-09-06 10:46:33,475 DEBUG [backend.app.services.bambu_mqtt] [-] [[SERIAL]] MQTT mapping field: []
2026-09-06 10:46:33,475 DEBUG [backend.app.services.bambu_mqtt] [-] [[SERIAL]] gcode_state: IDLE -> IDLE, file: , subtask: 
2026-09-06 10:46:34,298 DEBUG [backend.app.services.virtual_printer.ssdp_server] [6613867c] Received M-SEARCH from [IP]
2026-09-06 10:46:34,299 INFO [backend.app.services.virtual_printer.ssdp_server] [6613867c] Sent SSDP response to [IP] for 'Bambuddy [PRINTER]' (Location=[IP], USN=22E00A391800001)
2026-09-06 10:46:34,594 DEBUG [backend.app.services.bambu_mqtt] [-] [[SERIAL]] Found xcam inside print data: {'allow_skip_parts': False, 'buildplate_marker_detector': False, 'cfg': 8088999, 'first_layer_inspector': True, 'halt_print_sensitivity': 'medium', 'print_halt': True, 'printing_monitor': True, 'spaghetti_detector': True}
2026-09-06 10:46:34,594 DEBUG [backend.app.services.bambu_mqtt] [-] [[SERIAL]] Parsing xcam data - all fields: ['allow_skip_parts', 'buildplate_marker_detector', 'cfg', 'first_layer_inspector', 'halt_print_sensitivity', 'print_halt', 'printing_monitor', 'spaghetti_detector']
2026-09-06 10:46:34,595 DEBUG [backend.app.services.bambu_mqtt] [-] [[SERIAL]] xcam cfg bitmask: 8088999 (binary: 0b11110110110110110100111)
2026-09-06 10:46:34,595 DEBUG [backend.app.services.bambu_mqtt] [-] [[SERIAL]] Received gcode_state: IDLE, gcode_file: , subtask_name: 
2026-09-06 10:46:34,596 DEBUG [backend.app.services.bambu_mqtt] [-] [[SERIAL]] ams_extruder_map: {'0': 0}
2026-09-06 10:46:34,596 DEBUG [backend.app.services.bambu_mqtt] [-] [[SERIAL]] Received command response: push_status
2026-09-06 10:46:34,597 DEBUG [backend.app.services.bambu_mqtt] [-] [[SERIAL]] HMS data received: [{'attr': 83887616, 'code': 131184, 'ts_boot': 171429, 'ts_unix': '20260906051629'}, {'attr': 50332160, 'code': 65545, 'ts_boot': 5009402, 'ts_unix': '20260906063707'}]
2026-09-06 10:46:34,598 DEBUG [backend.app.services.bambu_mqtt] [-] [[SERIAL]] lights_report: [{'mode': 'off', 'node': 'chamber_light'}, {'mode': 'flashing', 'node': 'work_light'}]
2026-09-06 10:46:34,599 DEBUG [backend.app.services.bambu_mqtt] [-] [[SERIAL]] MQTT mapping field: []
2026-09-06 10:46:34,599 DEBUG [backend.app.services.bambu_mqtt] [-] [[SERIAL]] gcode_state: IDLE -> IDLE, file: , subtask: 
2026-09-06 10:46:35,720 DEBUG [backend.app.services.bambu_mqtt] [-] [[SERIAL]] Found xcam inside print data: {'allow_skip_parts': False, 'buildplate_marker_detector': False, 'cfg': 8088999, 'first_layer_inspector': True, 'halt_print_sensitivity': 'medium', 'print_halt': True, 'printing_monitor': True, 'spaghetti_detector': True}
2026-09-06 10:46:35,721 DEBUG [backend.app.services.bambu_mqtt] [-] [[SERIAL]] Parsing xcam data - all fields: ['allow_skip_parts', 'buildplate_marker_detector', 'cfg', 'first_layer_inspector', 'halt_print_sensitivity', 'print_halt', 'printing_monitor', 'spaghetti_detector']
2026-09-06 10:46:35,721 DEBUG [backend.app.services.bambu_mqtt] [-] [[SERIAL]] xcam cfg bitmask: 8088999 (binary: 0b11110110110110110100111)
2026-09-06 10:46:35,722 DEBUG [backend.app.services.bambu_mqtt] [-] [[SERIAL]] Received gcode_state: IDLE, gcode_file: , subtask_name: 
2026-09-06 10:46:35,722 DEBUG [backend.app.services.bambu_mqtt] [-] [[SERIAL]] ams_extruder_map: {'0': 0}
2026-09-06 10:46:35,723 DEBUG [backend.app.services.bambu_mqtt] [-] [[SERIAL]] Received command response: push_status
2026-09-06 10:46:35,724 DEBUG [backend.app.services.bambu_mqtt] [-] [[SERIAL]] HMS data received: [{'attr': 83887616, 'code': 131184, 'ts_boot': 171429, 'ts_unix': '20260906051629'}, {'attr': 50332160, 'code': 65545, 'ts_boot': 5009402, 'ts_unix': '20260906063707'}]
2026-09-06 10:46:35,725 DEBUG [backend.app.services.bambu_mqtt] [-] [[SERIAL]] lights_report: [{'mode': 'off', 'node': 'chamber_light'}, {'mode': 'flashing', 'node': 'work_light'}]
2026-09-06 10:46:35,725 DEBUG [backend.app.services.bambu_mqtt] [-] [[SERIAL]] MQTT mapping field: []
2026-09-06 10:46:35,726 DEBUG [backend.app.services.bambu_mqtt] [-] [[SERIAL]] gcode_state: IDLE -> IDLE, file: , subtask: 
2026-09-06 10:46:36,247 DEBUG [backend.app.services.print_scheduler] [-] Auto-drying: printer 1 skipped — printing or about to
2026-09-06 10:46:36,896 DEBUG [backend.app.services.bambu_mqtt] [-] [[SERIAL]] Found xcam inside print data: {'allow_skip_parts': False, 'buildplate_marker_detector': False, 'cfg': 8088999, 'first_layer_inspector': True, 'halt_print_sensitivity': 'medium', 'print_halt': True, 'printing_monitor': True, 'spaghetti_detector': True}
2026-09-06 10:46:36,896 DEBUG [backend.app.services.bambu_mqtt] [-] [[SERIAL]] Parsing xcam data - all fields: ['allow_skip_parts', 'buildplate_marker_detector', 'cfg', 'first_layer_inspector', 'halt_print_sensitivity', 'print_halt', 'printing_monitor', 'spaghetti_detector']
2026-09-06 10:46:36,896 DEBUG [backend.app.services.bambu_mqtt] [-] [[SERIAL]] xcam cfg bitmask: 8088999 (binary: 0b11110110110110110100111)
2026-09-06 10:46:36,897 DEBUG [backend.app.services.bambu_mqtt] [-] [[SERIAL]] Received gcode_state: IDLE, gcode_file: , subtask_name: 
2026-09-06 10:46:36,897 DEBUG [backend.app.services.bambu_mqtt] [-] [[SERIAL]] ams_extruder_map: {'0': 0}
2026-09-06 10:46:36,898 DEBUG [backend.app.services.bambu_mqtt] [-] [[SERIAL]] Received command response: push_status
2026-09-06 10:46:36,899 DEBUG [backend.app.services.bambu_mqtt] [-] [[SERIAL]] HMS data received: [{'attr': 83887616, 'code': 131184, 'ts_boot': 171429, 'ts_unix': '20260906051629'}, {'attr': 50332160, 'code': 65545, 'ts_boot': 5009402, 'ts_unix': '20260906063707'}]
2026-09-06 10:46:36,900 DEBUG [backend.app.services.bambu_mqtt] [-] [[SERIAL]] lights_report: [{'mode': 'off', 'node': 'chamber_light'}, {'mode': 'flashing', 'node': 'work_light'}]
2026-09-06 10:46:36,901 DEBUG [backend.app.services.bambu_mqtt] [-] [[SERIAL]] MQTT mapping field: []
2026-09-06 10:46:36,901 DEBUG [backend.app.services.bambu_mqtt] [-] [[SERIAL]] gcode_state: IDLE -> IDLE, file: , subtask: 
2026-09-06 10:46:38,102 DEBUG [backend.app.services.bambu_mqtt] [-] [[SERIAL]] Found xcam inside print data: {'allow_skip_parts': False, 'buildplate_marker_detector': False, 'cfg': 8088999, 'first_layer_inspector': True, 'halt_print_sensitivity': 'medium', 'print_halt': True, 'printing_monitor': True, 'spaghetti_detector': True}
2026-09-06 10:46:38,103 DEBUG [backend.app.services.bambu_mqtt] [-] [[SERIAL]] Parsing xcam data - all fields: ['allow_skip_parts', 'buildplate_marker_detector', 'cfg', 'first_layer_inspector', 'halt_print_sensitivity', 'print_halt', 'printing_monitor', 'spaghetti_detector']
2026-09-06 10:46:38,103 DEBUG [backend.app.services.bambu_mqtt] [-] [[SERIAL]] xcam cfg bitmask: 8088999 (binary: 0b11110110110110110100111)
2026-09-06 10:46:38,103 DEBUG [backend.app.services.bambu_mqtt] [-] [[SERIAL]] Received gcode_state: IDLE, gcode_file: , subtask_name: 
2026-09-06 10:46:38,104 DEBUG [backend.app.services.bambu_mqtt] [-] [[SERIAL]] ams_extruder_map: {'0': 0}
2026-09-06 10:46:38,105 DEBUG [backend.app.services.bambu_mqtt] [-] [[SERIAL]] Received command response: push_status
2026-09-06 10:46:38,105 DEBUG [backend.app.services.bambu_mqtt] [-] [[SERIAL]] HMS data received: [{'attr': 83887616, 'code': 131184, 'ts_boot': 171429, 'ts_unix': '20260906051629'}, {'attr': 50332160, 'code': 65545, 'ts_boot': 5009402, 'ts_unix': '20260906063707'}]
2026-09-06 10:46:38,106 DEBUG [backend.app.services.bambu_mqtt] [-] [[SERIAL]] lights_report: [{'mode': 'off', 'node': 'chamber_light'}, {'mode': 'flashing', 'node': 'work_light'}]
2026-09-06 10:46:38,107 DEBUG [backend.app.services.bambu_mqtt] [-] [[SERIAL]] MQTT mapping field: []
2026-09-06 10:46:38,107 DEBUG [backend.app.services.bambu_mqtt] [-] [[SERIAL]] gcode_state: IDLE -> IDLE, file: , subtask: 
2026-09-06 10:46:39,257 DEBUG [backend.app.services.bambu_mqtt] [-] [[SERIAL]] Found xcam inside print data: {'allow_skip_parts': False, 'buildplate_marker_detector': False, 'cfg': 8088999, 'first_layer_inspector': True, 'halt_print_sensitivity': 'medium', 'print_halt': True, 'printing_monitor': True, 'spaghetti_detector': True}
2026-09-06 10:46:39,258 DEBUG [backend.app.services.bambu_mqtt] [-] [[SERIAL]] Parsing xcam data - all fields: ['allow_skip_parts', 'buildplate_marker_detector', 'cfg', 'first_layer_inspector', 'halt_print_sensitivity', 'print_halt', 'printing_monitor', 'spaghetti_detector']
2026-09-06 10:46:39,259 DEBUG [backend.app.services.bambu_mqtt] [-] [[SERIAL]] xcam cfg bitmask: 8088999 (binary: 0b11110110110110110100111)
2026-09-06 10:46:39,259 DEBUG [backend.app.services.bambu_mqtt] [-] [[SERIAL]] Received gcode_state: IDLE, gcode_file: , subtask_name: 
2026-09-06 10:46:39,260 DEBUG [backend.app.services.bambu_mqtt] [-] [[SERIAL]] ams_extruder_map: {'0': 0}
2026-09-06 10:46:39,263 DEBUG [backend.app.services.bambu_mqtt] [-] [[SERIAL]] Received command response: push_status
2026-09-06 10:46:39,263 DEBUG [backend.app.services.bambu_mqtt] [-] [[SERIAL]] HMS data received: [{'attr': 83887616, 'code': 131184, 'ts_boot': 171429, 'ts_unix': '20260906051629'}, {'attr': 50332160, 'code': 65545, 'ts_boot': 5009402, 'ts_unix': '20260906063707'}]
2026-09-06 10:46:39,265 DEBUG [backend.app.services.bambu_mqtt] [-] [[SERIAL]] lights_report: [{'mode': 'off', 'node': 'chamber_light'}, {'mode': 'flashing', 'node': 'work_light'}]
2026-09-06 10:46:39,266 DEBUG [backend.app.services.bambu_mqtt] [-] [[SERIAL]] MQTT mapping field: []
2026-09-06 10:46:39,266 DEBUG [backend.app.services.bambu_mqtt] [-] [[SERIAL]] gcode_state: IDLE -> IDLE, file: , subtask: 
2026-09-06 10:46:39,300 DEBUG [backend.app.services.print_scheduler] [-] Auto-drying: printer 1 skipped — printing or about to
2026-09-06 10:46:39,475 DEBUG [backend.app.services.virtual_printer.ssdp_server] [6613867c] Received M-SEARCH from [IP]
2026-09-06 10:46:39,476 INFO [backend.app.services.virtual_printer.ssdp_server] [6613867c] Sent SSDP response to [IP] for 'Bambuddy [PRINTER]' (Location=[IP], USN=22E00A391800001)
2026-09-06 10:46:40,382 DEBUG [backend.app.services.bambu_mqtt] [-] [[SERIAL]] Found xcam inside print data: {'allow_skip_parts': False, 'buildplate_marker_detector': False, 'cfg': 8088999, 'first_layer_inspector': True, 'halt_print_sensitivity': 'medium', 'print_halt': True, 'printing_monitor': True, 'spaghetti_detector': True}
2026-09-06 10:46:40,382 DEBUG [backend.app.services.bambu_mqtt] [-] [[SERIAL]] Parsing xcam data - all fields: ['allow_skip_parts', 'buildplate_marker_detector', 'cfg', 'first_layer_inspector', 'halt_print_sensitivity', 'print_halt', 'printing_monitor', 'spaghetti_detector']
2026-09-06 10:46:40,383 DEBUG [backend.app.services.bambu_mqtt] [-] [[SERIAL]] xcam cfg bitmask: 8088999 (binary: 0b11110110110110110100111)
2026-09-06 10:46:40,383 DEBUG [backend.app.services.bambu_mqtt] [-] [[SERIAL]] Received gcode_state: IDLE, gcode_file: , subtask_name: 
2026-09-06 10:46:40,384 DEBUG [backend.app.services.bambu_mqtt] [-] [[SERIAL]] ams_extruder_map: {'0': 0}
2026-09-06 10:46:40,385 DEBUG [backend.app.services.bambu_mqtt] [-] [[SERIAL]] Received command response: push_status
2026-09-06 10:46:40,386 DEBUG [backend.app.services.bambu_mqtt] [-] [[SERIAL]] HMS data received: [{'attr': 83887616, 'code': 131184, 'ts_boot': 171429, 'ts_unix': '20260906051629'}, {'attr': 50332160, 'code': 65545, 'ts_boot': 5009402, 'ts_unix': '20260906063707'}]
2026-09-06 10:46:40,387 DEBUG [backend.app.services.bambu_mqtt] [-] [[SERIAL]] lights_report: [{'mode': 'off', 'node': 'chamber_light'}, {'mode': 'flashing', 'node': 'work_light'}]
2026-09-06 10:46:40,387 DEBUG [backend.app.services.bambu_mqtt] [-] [[SERIAL]] MQTT mapping field: []
2026-09-06 10:46:40,388 DEBUG [backend.app.services.bambu_mqtt] [-] [[SERIAL]] gcode_state: IDLE -> IDLE, file: , subtask: 
2026-09-06 10:46:41,526 DEBUG [backend.app.services.bambu_mqtt] [-] [[SERIAL]] Found xcam inside print data: {'allow_skip_parts': False, 'buildplate_marker_detector': False, 'cfg': 8088999, 'first_layer_inspector': True, 'halt_print_sensitivity': 'medium', 'print_halt': True, 'printing_monitor': True, 'spaghetti_detector': True}
2026-09-06 10:46:41,526 DEBUG [backend.app.services.bambu_mqtt] [-] [[SERIAL]] Parsing xcam data - all fields: ['allow_skip_parts', 'buildplate_marker_detector', 'cfg', 'first_layer_inspector', 'halt_print_sensitivity', 'print_halt', 'printing_monitor', 'spaghetti_detector']
2026-09-06 10:46:41,526 DEBUG [backend.app.services.bambu_mqtt] [-] [[SERIAL]] xcam cfg bitmask: 8088999 (binary: 0b11110110110110110100111)
2026-09-06 10:46:41,527 DEBUG [backend.app.services.bambu_mqtt] [-] [[SERIAL]] Received gcode_state: IDLE, gcode_file: , subtask_name: 
2026-09-06 10:46:41,527 DEBUG [backend.app.services.bambu_mqtt] [-] [[SERIAL]] ams_extruder_map: {'0': 0}
2026-09-06 10:46:41,528 DEBUG [backend.app.services.bambu_mqtt] [-] [[SERIAL]] Received command response: push_status
2026-09-06 10:46:41,528 DEBUG [backend.app.services.bambu_mqtt] [-] [[SERIAL]] HMS data received: [{'attr': 83887616, 'code': 131184, 'ts_boot': 171429, 'ts_unix': '20260906051629'}, {'attr': 50332160, 'code': 65545, 'ts_boot': 5009402, 'ts_unix': '20260906063707'}]
2026-09-06 10:46:41,529 DEBUG [backend.app.services.bambu_mqtt] [-] [[SERIAL]] lights_report: [{'mode': 'off', 'node': 'chamber_light'}, {'mode': 'flashing', 'node': 'work_light'}]
2026-09-06 10:46:41,530 DEBUG [backend.app.services.bambu_mqtt] [-] [[SERIAL]] MQTT mapping field: []
2026-09-06 10:46:41,530 DEBUG [backend.app.services.bambu_mqtt] [-] [[SERIAL]] gcode_state: IDLE -> IDLE, file: , subtask: 
2026-09-06 10:46:41,795 DEBUG [backend.app.services.virtual_printer.ssdp_server] [6613867c] Sent SSDP NOTIFY for Bambuddy [PRINTER] (Location=[IP], USN=22E00A391800001, bind=[IP])
2026-09-06 10:46:42,343 DEBUG [backend.app.services.print_scheduler] [-] Auto-drying: printer 1 skipped — printing or about to
2026-09-06 10:46:42,677 DEBUG [backend.app.services.bambu_mqtt] [-] [[SERIAL]] Found xcam inside print data: {'allow_skip_parts': False, 'buildplate_marker_detector': False, 'cfg': 8088999, 'first_layer_inspector': True, 'halt_print_sensitivity': 'medium', 'print_halt': True, 'printing_monitor': True, 'spaghetti_detector': True}
2026-09-06 10:46:42,677 DEBUG [backend.app.services.bambu_mqtt] [-] [[SERIAL]] Parsing xcam data - all fields: ['allow_skip_parts', 'buildplate_marker_detector', 'cfg', 'first_layer_inspector', 'halt_print_sensitivity', 'print_halt', 'printing_monitor', 'spaghetti_detector']
2026-09-06 10:46:42,678 DEBUG [backend.app.services.bambu_mqtt] [-] [[SERIAL]] xcam cfg bitmask: 8088999 (binary: 0b11110110110110110100111)
2026-09-06 10:46:42,678 DEBUG [backend.app.services.bambu_mqtt] [-] [[SERIAL]] Received gcode_state: IDLE, gcode_file: , subtask_name: 
2026-09-06 10:46:42,678 DEBUG [backend.app.services.bambu_mqtt] [-] [[SERIAL]] ams_extruder_map: {'0': 0}
2026-09-06 10:46:42,679 DEBUG [backend.app.services.bambu_mqtt] [-] [[SERIAL]] Received command response: push_status
2026-09-06 10:46:42,680 DEBUG [backend.app.services.bambu_mqtt] [-] [[SERIAL]] HMS data received: [{'attr': 83887616, 'code': 131184, 'ts_boot': 171429, 'ts_unix': '20260906051629'}, {'attr': 50332160, 'code': 65545, 'ts_boot': 5009402, 'ts_unix': '20260906063707'}]
2026-09-06 10:46:42,680 DEBUG [backend.app.services.bambu_mqtt] [-] [[SERIAL]] lights_report: [{'mode': 'off', 'node': 'chamber_light'}, {'mode': 'flashing', 'node': 'work_light'}]
2026-09-06 10:46:42,681 DEBUG [backend.app.services.bambu_mqtt] [-] [[SERIAL]] MQTT mapping field: []
2026-09-06 10:46:42,681 DEBUG [backend.app.services.bambu_mqtt] [-] [[SERIAL]] gcode_state: IDLE -> IDLE, file: , subtask: 
2026-09-06 10:46:43,814 DEBUG [backend.app.services.bambu_mqtt] [-] [[SERIAL]] Found xcam inside print data: {'allow_skip_parts': False, 'buildplate_marker_detector': False, 'cfg': 8088999, 'first_layer_inspector': True, 'halt_print_sensitivity': 'medium', 'print_halt': True, 'printing_monitor': True, 'spaghetti_detector': True}
2026-09-06 10:46:43,815 DEBUG [backend.app.services.bambu_mqtt] [-] [[SERIAL]] Parsing xcam data - all fields: ['allow_skip_parts', 'buildplate_marker_detector', 'cfg', 'first_layer_inspector', 'halt_print_sensitivity', 'print_halt', 'printing_monitor', 'spaghetti_detector']
2026-09-06 10:46:43,815 DEBUG [backend.app.services.bambu_mqtt] [-] [[SERIAL]] xcam cfg bitmask: 8088999 (binary: 0b11110110110110110100111)
2026-09-06 10:46:43,815 DEBUG [backend.app.services.bambu_mqtt] [-] [[SERIAL]] Received gcode_state: IDLE, gcode_file: , subtask_name: 
2026-09-06 10:46:43,816 DEBUG [backend.app.services.bambu_mqtt] [-] [[SERIAL]] ams_extruder_map: {'0': 0}
2026-09-06 10:46:43,816 DEBUG [backend.app.services.bambu_mqtt] [-] [[SERIAL]] Received command response: push_status
2026-09-06 10:46:43,817 DEBUG [backend.app.services.bambu_mqtt] [-] [[SERIAL]] HMS data received: [{'attr': 83887616, 'code': 131184, 'ts_boot': 171429, 'ts_unix': '20260906051629'}, {'attr': 50332160, 'code': 65545, 'ts_boot': 5009402, 'ts_unix': '20260906063707'}]
2026-09-06 10:46:43,818 DEBUG [backend.app.services.bambu_mqtt] [-] [[SERIAL]] lights_report: [{'mode': 'off', 'node': 'chamber_light'}, {'mode': 'flashing', 'node': 'work_light'}]
2026-09-06 10:46:43,818 DEBUG [backend.app.services.bambu_mqtt] [-] [[SERIAL]] MQTT mapping field: []
2026-09-06 10:46:43,819 DEBUG [backend.app.services.bambu_mqtt] [-] [[SERIAL]] gcode_state: IDLE -> IDLE, file: , subtask: 
2026-09-06 10:46:44,530 DEBUG [backend.app.services.virtual_printer.ssdp_server] [6613867c] Received M-SEARCH from [IP]
2026-09-06 10:46:44,531 INFO [backend.app.services.virtual_printer.ssdp_server] [6613867c] Sent SSDP response to [IP] for 'Bambuddy [PRINTER]' (Location=[IP], USN=22E00A391800001)
2026-09-06 10:46:44,751 DEBUG [backend.app.main] [-] Recorded 3 printer sensor history entries
2026-09-06 10:46:45,060 DEBUG [backend.app.services.bambu_mqtt] [-] [[SERIAL]] Found xcam inside print data: {'allow_skip_parts': False, 'buildplate_marker_detector': False, 'cfg': 8088999, 'first_layer_inspector': True, 'halt_print_sensitivity': 'medium', 'print_halt': True, 'printing_monitor': True, 'spaghetti_detector': True}
2026-09-06 10:46:45,061 DEBUG [backend.app.services.bambu_mqtt] [-] [[SERIAL]] Parsing xcam data - all fields: ['allow_skip_parts', 'buildplate_marker_detector', 'cfg', 'first_layer_inspector', 'halt_print_sensitivity', 'print_halt', 'printing_monitor', 'spaghetti_detector']
2026-09-06 10:46:45,061 DEBUG [backend.app.services.bambu_mqtt] [-] [[SERIAL]] xcam cfg bitmask: 8088999 (binary: 0b11110110110110110100111)
2026-09-06 10:46:45,061 DEBUG [backend.app.services.bambu_mqtt] [-] [[SERIAL]] Received gcode_state: IDLE, gcode_file: , subtask_name: 
2026-09-06 10:46:45,062 DEBUG [backend.app.services.bambu_mqtt] [-] [[SERIAL]] ams_extruder_map: {'0': 0}
2026-09-06 10:46:45,062 DEBUG [backend.app.services.bambu_mqtt] [-] [[SERIAL]] Received command response: push_status
2026-09-06 10:46:45,063 DEBUG [backend.app.services.bambu_mqtt] [-] [[SERIAL]] HMS data received: [{'attr': 83887616, 'code': 131184, 'ts_boot': 171429, 'ts_unix': '20260906051629'}, {'attr': 50332160, 'code': 65545, 'ts_boot': 5009402, 'ts_unix': '20260906063707'}]
2026-09-06 10:46:45,064 DEBUG [backend.app.services.bambu_mqtt] [-] [[SERIAL]] lights_report: [{'mode': 'off', 'node': 'chamber_light'}, {'mode': 'flashing', 'node': 'work_light'}]
2026-09-06 10:46:45,064 DEBUG [backend.app.services.bambu_mqtt] [-] [[SERIAL]] MQTT mapping field: []
2026-09-06 10:46:45,065 DEBUG [backend.app.services.bambu_mqtt] [-] [[SERIAL]] gcode_state: IDLE -> IDLE, file: , subtask: 
2026-09-06 10:46:45,359 DEBUG [backend.app.services.print_scheduler] [-] Auto-drying: printer 1 skipped — printing or about to
2026-09-06 10:46:46,220 DEBUG [backend.app.services.bambu_mqtt] [-] [[SERIAL]] Found xcam inside print data: {'allow_skip_parts': False, 'buildplate_marker_detector': False, 'cfg': 8088999, 'first_layer_inspector': True, 'halt_print_sensitivity': 'medium', 'print_halt': True, 'printing_monitor': True, 'spaghetti_detector': True}
2026-09-06 10:46:46,221 DEBUG [backend.app.services.bambu_mqtt] [-] [[SERIAL]] Parsing xcam data - all fields: ['allow_skip_parts', 'buildplate_marker_detector', 'cfg', 'first_layer_inspector', 'halt_print_sensitivity', 'print_halt', 'printing_monitor', 'spaghetti_detector']
2026-09-06 10:46:46,221 DEBUG [backend.app.services.bambu_mqtt] [-] [[SERIAL]] xcam cfg bitmask: 8088999 (binary: 0b11110110110110110100111)
2026-09-06 10:46:46,221 DEBUG [backend.app.services.bambu_mqtt] [-] [[SERIAL]] Received gcode_state: IDLE, gcode_file: , subtask_name: 
2026-09-06 10:46:46,222 DEBUG [backend.app.services.bambu_mqtt] [-] [[SERIAL]] ams_extruder_map: {'0': 0}
2026-09-06 10:46:46,222 DEBUG [backend.app.services.bambu_mqtt] [-] [[SERIAL]] Received command response: push_status
2026-09-06 10:46:46,223 DEBUG [backend.app.services.bambu_mqtt] [-] [[SERIAL]] HMS data received: [{'attr': 83887616, 'code': 131184, 'ts_boot': 171429, 'ts_unix': '20260906051629'}, {'attr': 50332160, 'code': 65545, 'ts_boot': 5009402, 'ts_unix': '20260906063707'}]
2026-09-06 10:46:46,223 DEBUG [backend.app.services.bambu_mqtt] [-] [[SERIAL]] lights_report: [{'mode': 'off', 'node': 'chamber_light'}, {'mode': 'flashing', 'node': 'work_light'}]
2026-09-06 10:46:46,224 DEBUG [backend.app.services.bambu_mqtt] [-] [[SERIAL]] MQTT mapping field: []
2026-09-06 10:46:46,224 DEBUG [backend.app.services.bambu_mqtt] [-] [[SERIAL]] gcode_state: IDLE -> IDLE, file: , subtask: 
2026-09-06 10:46:47,336 DEBUG [backend.app.services.bambu_mqtt] [-] [[SERIAL]] Found xcam inside print data: {'allow_skip_parts': False, 'buildplate_marker_detector': False, 'cfg': 8088999, 'first_layer_inspector': True, 'halt_print_sensitivity': 'medium', 'print_halt': True, 'printing_monitor': True, 'spaghetti_detector': True}
2026-09-06 10:46:47,337 DEBUG [backend.app.services.bambu_mqtt] [-] [[SERIAL]] Parsing xcam data - all fields: ['allow_skip_parts', 'buildplate_marker_detector', 'cfg', 'first_layer_inspector', 'halt_print_sensitivity', 'print_halt', 'printing_monitor', 'spaghetti_detector']
2026-09-06 10:46:47,337 DEBUG [backend.app.services.bambu_mqtt] [-] [[SERIAL]] xcam cfg bitmask: 8088999 (binary: 0b11110110110110110100111)
2026-09-06 10:46:47,338 DEBUG [backend.app.services.bambu_mqtt] [-] [[SERIAL]] Received gcode_state: IDLE, gcode_file: , subtask_name: 
2026-09-06 10:46:47,338 DEBUG [backend.app.services.bambu_mqtt] [-] [[SERIAL]] ams_extruder_map: {'0': 0}
2026-09-06 10:46:47,339 DEBUG [backend.app.services.bambu_mqtt] [-] [[SERIAL]] Received command response: push_status
2026-09-06 10:46:47,340 DEBUG [backend.app.services.bambu_mqtt] [-] [[SERIAL]] HMS data received: [{'attr': 83887616, 'code': 131184, 'ts_boot': 171429, 'ts_unix': '20260906051629'}, {'attr': 50332160, 'code': 65545, 'ts_boot': 5009402, 'ts_unix': '20260906063707'}]
2026-09-06 10:46:47,341 DEBUG [backend.app.services.bambu_mqtt] [-] [[SERIAL]] lights_report: [{'mode': 'off', 'node': 'chamber_light'}, {'mode': 'flashing', 'node': 'work_light'}]
2026-09-06 10:46:47,342 DEBUG [backend.app.services.bambu_mqtt] [-] [[SERIAL]] MQTT mapping field: []
2026-09-06 10:46:47,342 DEBUG [backend.app.services.bambu_mqtt] [-] [[SERIAL]] gcode_state: IDLE -> IDLE, file: , subtask: 
2026-09-06 10:46:48,400 DEBUG [backend.app.services.print_scheduler] [-] Auto-drying: printer 1 skipped — printing or about to
2026-09-06 10:46:48,470 DEBUG [backend.app.services.bambu_mqtt] [-] [[SERIAL]] Found xcam inside print data: {'allow_skip_parts': False, 'buildplate_marker_detector': False, 'cfg': 8088999, 'first_layer_inspector': True, 'halt_print_sensitivity': 'medium', 'print_halt': True, 'printing_monitor': True, 'spaghetti_detector': True}
2026-09-06 10:46:48,471 DEBUG [backend.app.services.bambu_mqtt] [-] [[SERIAL]] Parsing xcam data - all fields: ['allow_skip_parts', 'buildplate_marker_detector', 'cfg', 'first_layer_inspector', 'halt_print_sensitivity', 'print_halt', 'printing_monitor', 'spaghetti_detector']
2026-09-06 10:46:48,471 DEBUG [backend.app.services.bambu_mqtt] [-] [[SERIAL]] xcam cfg bitmask: 8088999 (binary: 0b11110110110110110100111)
2026-09-06 10:46:48,471 DEBUG [backend.app.services.bambu_mqtt] [-] [[SERIAL]] Received gcode_state: IDLE, gcode_file: , subtask_name: 
2026-09-06 10:46:48,472 DEBUG [backend.app.services.bambu_mqtt] [-] [[SERIAL]] ams_extruder_map: {'0': 0}
2026-09-06 10:46:48,472 DEBUG [backend.app.services.bambu_mqtt] [-] [[SERIAL]] Received command response: push_status
2026-09-06 10:46:48,473 DEBUG [backend.app.services.bambu_mqtt] [-] [[SERIAL]] HMS data received: [{'attr': 83887616, 'code': 131184, 'ts_boot': 171429, 'ts_unix': '20260906051629'}, {'attr': 50332160, 'code': 65545, 'ts_boot': 5009402, 'ts_unix': '20260906063707'}]
2026-09-06 10:46:48,474 DEBUG [backend.app.services.bambu_mqtt] [-] [[SERIAL]] lights_report: [{'mode': 'off', 'node': 'chamber_light'}, {'mode': 'flashing', 'node': 'work_light'}]
2026-09-06 10:46:48,475 DEBUG [backend.app.services.bambu_mqtt] [-] [[SERIAL]] MQTT mapping field: []
2026-09-06 10:46:48,475 DEBUG [backend.app.services.bambu_mqtt] [-] [[SERIAL]] gcode_state: IDLE -> IDLE, file: , subtask: 
2026-09-06 10:46:49,580 DEBUG [backend.app.services.bambu_mqtt] [-] [[SERIAL]] Found xcam inside print data: {'allow_skip_parts': False, 'buildplate_marker_detector': False, 'cfg': 8088999, 'first_layer_inspector': True, 'halt_print_sensitivity': 'medium', 'print_halt': True, 'printing_monitor': True, 'spaghetti_detector': True}
2026-09-06 10:46:49,580 DEBUG [backend.app.services.bambu_mqtt] [-] [[SERIAL]] Parsing xcam data - all fields: ['allow_skip_parts', 'buildplate_marker_detector', 'cfg', 'first_layer_inspector', 'halt_print_sensitivity', 'print_halt', 'printing_monitor', 'spaghetti_detector']
2026-09-06 10:46:49,581 DEBUG [backend.app.services.bambu_mqtt] [-] [[SERIAL]] xcam cfg bitmask: 8088999 (binary: 0b11110110110110110100111)
2026-09-06 10:46:49,581 DEBUG [backend.app.services.bambu_mqtt] [-] [[SERIAL]] Received gcode_state: IDLE, gcode_file: , subtask_name: 
2026-09-06 10:46:49,582 DEBUG [backend.app.services.bambu_mqtt] [-] [[SERIAL]] ams_extruder_map: {'0': 0}
2026-09-06 10:46:49,582 DEBUG [backend.app.services.bambu_mqtt] [-] [[SERIAL]] Received command response: push_status
2026-09-06 10:46:49,583 DEBUG [backend.app.services.bambu_mqtt] [-] [[SERIAL]] HMS data received: [{'attr': 83887616, 'code': 131184, 'ts_boot': 171429, 'ts_unix': '20260906051629'}, {'attr': 50332160, 'code': 65545, 'ts_boot': 5009402, 'ts_unix': '20260906063707'}]
2026-09-06 10:46:49,584 DEBUG [backend.app.services.bambu_mqtt] [-] [[SERIAL]] lights_report: [{'mode': 'off', 'node': 'chamber_light'}, {'mode': 'flashing', 'node': 'work_light'}]
2026-09-06 10:46:49,585 DEBUG [backend.app.services.bambu_mqtt] [-] [[SERIAL]] MQTT mapping field: []
2026-09-06 10:46:49,585 DEBUG [backend.app.services.bambu_mqtt] [-] [[SERIAL]] gcode_state: IDLE -> IDLE, file: , subtask: 