2026-09-12 13:57:06,104 DEBUG [backend.app.services.virtual_printer.tcp_proxy] [-] Camera-6000 proxy printer→[IP]:41770: 1325 bytes
2026-09-12 13:57:06,123 DEBUG [backend.app.services.virtual_printer.tcp_proxy] [-] Camera-6000 proxy printer→[IP]:41770: 1400 bytes
2026-09-12 13:57:06,123 DEBUG [backend.app.services.virtual_printer.tcp_proxy] [-] Camera-6000 proxy printer→[IP]:41770: 1400 bytes
2026-09-12 13:57:06,125 DEBUG [backend.app.services.virtual_printer.tcp_proxy] [-] Camera-6000 proxy printer→[IP]:41770: 1325 bytes
2026-09-12 13:57:06,128 DEBUG [backend.app.services.virtual_printer.tcp_proxy] [-] Camera-6000 proxy printer→[IP]:41770: 1400 bytes
2026-09-12 13:57:06,130 DEBUG [backend.app.services.virtual_printer.tcp_proxy] [-] Camera-6000 proxy printer→[IP]:41770: 1400 bytes
2026-09-12 13:57:06,132 DEBUG [backend.app.services.virtual_printer.tcp_proxy] [-] Camera-6000 proxy printer→[IP]:41770: 237 bytes
2026-09-12 13:57:06,142 DEBUG [backend.app.services.virtual_printer.tcp_proxy] [-] Camera-6000 proxy printer→[IP]:41770: 1400 bytes
2026-09-12 13:57:06,144 DEBUG [backend.app.services.virtual_printer.tcp_proxy] [-] Camera-6000 proxy printer→[IP]:41770: 1400 bytes
2026-09-12 13:57:06,148 DEBUG [backend.app.services.virtual_printer.tcp_proxy] [-] Camera-6000 proxy printer→[IP]:41770: 996 bytes
2026-09-12 13:57:07,285 DEBUG [backend.app.services.virtual_printer.tcp_proxy] [-] Camera-6000 proxy printer→[IP]:41770: 45 bytes
2026-09-12 13:57:07,313 DEBUG [backend.app.services.virtual_printer.tcp_proxy] [-] Camera-6000 proxy printer→[IP]:41770: 2800 bytes
2026-09-12 13:57:07,316 DEBUG [backend.app.services.virtual_printer.tcp_proxy] [-] Camera-6000 proxy printer→[IP]:41770: 1325 bytes
2026-09-12 13:57:07,317 DEBUG [backend.app.services.virtual_printer.tcp_proxy] [-] Camera-6000 proxy printer→[IP]:41770: 1400 bytes
2026-09-12 13:57:07,317 DEBUG [backend.app.services.virtual_printer.tcp_proxy] [-] Camera-6000 proxy printer→[IP]:41770: 1400 bytes
2026-09-12 13:57:07,319 DEBUG [backend.app.services.virtual_printer.tcp_proxy] [-] Camera-6000 proxy printer→[IP]:41770: 1325 bytes
2026-09-12 13:57:07,332 DEBUG [backend.app.services.virtual_printer.tcp_proxy] [-] Camera-6000 proxy printer→[IP]:41770: 2800 bytes
2026-09-12 13:57:07,335 DEBUG [backend.app.services.virtual_printer.tcp_proxy] [-] Camera-6000 proxy printer→[IP]:41770: 237 bytes
2026-09-12 13:57:07,352 DEBUG [backend.app.services.virtual_printer.tcp_proxy] [-] Camera-6000 proxy printer→[IP]:41770: 1400 bytes
2026-09-12 13:57:07,352 DEBUG [backend.app.services.virtual_printer.tcp_proxy] [-] Camera-6000 proxy printer→[IP]:41770: 1400 bytes
2026-09-12 13:57:07,355 DEBUG [backend.app.services.virtual_printer.tcp_proxy] [-] Camera-6000 proxy printer→[IP]:41770: 1325 bytes
2026-09-12 13:57:07,363 DEBUG [backend.app.services.virtual_printer.tcp_proxy] [-] Camera-6000 proxy printer→[IP]:41770: 1400 bytes
2026-09-12 13:57:07,364 DEBUG [backend.app.services.virtual_printer.tcp_proxy] [-] Camera-6000 proxy printer→[IP]:41770: 1400 bytes
2026-09-12 13:57:07,366 DEBUG [backend.app.services.virtual_printer.tcp_proxy] [-] Camera-6000 proxy printer→[IP]:41770: 1325 bytes
2026-09-12 13:57:07,377 DEBUG [backend.app.services.virtual_printer.tcp_proxy] [-] Camera-6000 proxy printer→[IP]:41770: 2800 bytes
2026-09-12 13:57:07,379 DEBUG [backend.app.services.virtual_printer.tcp_proxy] [-] Camera-6000 proxy printer→[IP]:41770: 237 bytes
2026-09-12 13:57:07,392 DEBUG [backend.app.services.virtual_printer.tcp_proxy] [-] Camera-6000 proxy printer→[IP]:41770: 1400 bytes
2026-09-12 13:57:07,393 DEBUG [backend.app.services.virtual_printer.tcp_proxy] [-] Camera-6000 proxy printer→[IP]:41770: 1400 bytes
2026-09-12 13:57:07,395 DEBUG [backend.app.services.virtual_printer.tcp_proxy] [-] Camera-6000 proxy printer→[IP]:41770: 1325 bytes
2026-09-12 13:57:07,408 DEBUG [backend.app.services.virtual_printer.tcp_proxy] [-] Camera-6000 proxy printer→[IP]:41770: 1400 bytes
2026-09-12 13:57:07,408 DEBUG [backend.app.services.virtual_printer.tcp_proxy] [-] Camera-6000 proxy printer→[IP]:41770: 1400 bytes
2026-09-12 13:57:07,410 DEBUG [backend.app.services.virtual_printer.tcp_proxy] [-] Camera-6000 proxy printer→[IP]:41770: 1325 bytes
2026-09-12 13:57:07,420 DEBUG [backend.app.services.virtual_printer.tcp_proxy] [-] Camera-6000 proxy printer→[IP]:41770: 1400 bytes
2026-09-12 13:57:07,420 DEBUG [backend.app.services.virtual_printer.tcp_proxy] [-] Camera-6000 proxy printer→[IP]:41770: 1400 bytes
2026-09-12 13:57:07,422 DEBUG [backend.app.services.virtual_printer.tcp_proxy] [-] Camera-6000 proxy printer→[IP]:41770: 237 bytes
2026-09-12 13:57:07,435 DEBUG [backend.app.services.virtual_printer.tcp_proxy] [-] Camera-6000 proxy printer→[IP]:41770: 2800 bytes
2026-09-12 13:57:07,437 DEBUG [backend.app.services.virtual_printer.tcp_proxy] [-] Camera-6000 proxy printer→[IP]:41770: 1325 bytes
2026-09-12 13:57:07,454 DEBUG [backend.app.services.virtual_printer.tcp_proxy] [-] Camera-6000 proxy printer→[IP]:41770: 1400 bytes
2026-09-12 13:57:07,454 DEBUG [backend.app.services.virtual_printer.tcp_proxy] [-] Camera-6000 proxy printer→[IP]:41770: 1400 bytes
2026-09-12 13:57:07,456 DEBUG [backend.app.services.virtual_printer.tcp_proxy] [-] Camera-6000 proxy printer→[IP]:41770: 1325 bytes
2026-09-12 13:57:07,466 DEBUG [backend.app.services.virtual_printer.tcp_proxy] [-] Camera-6000 proxy printer→[IP]:41770: 1400 bytes
2026-09-12 13:57:07,467 DEBUG [backend.app.services.virtual_printer.tcp_proxy] [-] Camera-6000 proxy printer→[IP]:41770: 1400 bytes
2026-09-12 13:57:07,468 DEBUG [backend.app.services.virtual_printer.tcp_proxy] [-] Camera-6000 proxy printer→[IP]:41770: 237 bytes
2026-09-12 13:57:07,477 DEBUG [backend.app.services.virtual_printer.tcp_proxy] [-] Camera-6000 proxy printer→[IP]:41770: 1400 bytes
2026-09-12 13:57:07,478 DEBUG [backend.app.services.virtual_printer.tcp_proxy] [-] Camera-6000 proxy printer→[IP]:41770: 1400 bytes
2026-09-12 13:57:07,479 DEBUG [backend.app.services.virtual_printer.tcp_proxy] [-] Camera-6000 proxy printer→[IP]:41770: 1086 bytes
2026-09-12 13:57:08,629 DEBUG [backend.app.services.virtual_printer.tcp_proxy] [-] Camera-6000 proxy printer→[IP]:41770: 45 bytes
2026-09-12 13:57:08,643 DEBUG [backend.app.services.virtual_printer.tcp_proxy] [-] Camera-6000 proxy printer→[IP]:41770: 1400 bytes
2026-09-12 13:57:08,644 DEBUG [backend.app.services.virtual_printer.tcp_proxy] [-] Camera-6000 proxy printer→[IP]:41770: 1400 bytes
2026-09-12 13:57:08,645 DEBUG [backend.app.services.virtual_printer.tcp_proxy] [-] Camera-6000 proxy printer→[IP]:41770: 1325 bytes
2026-09-12 13:57:08,660 DEBUG [backend.app.services.virtual_printer.tcp_proxy] [-] Camera-6000 proxy printer→[IP]:41770: 1400 bytes
2026-09-12 13:57:08,660 DEBUG [backend.app.services.virtual_printer.tcp_proxy] [-] Camera-6000 proxy printer→[IP]:41770: 1400 bytes
2026-09-12 13:57:08,663 DEBUG [backend.app.services.virtual_printer.tcp_proxy] [-] Camera-6000 proxy printer→[IP]:41770: 1325 bytes
2026-09-12 13:57:08,675 DEBUG [backend.app.services.virtual_printer.tcp_proxy] [-] Camera-6000 proxy printer→[IP]:41770: 1400 bytes
2026-09-12 13:57:08,679 DEBUG [backend.app.services.virtual_printer.tcp_proxy] [-] Camera-6000 proxy printer→[IP]:41770: 1400 bytes
2026-09-12 13:57:08,682 DEBUG [backend.app.services.virtual_printer.tcp_proxy] [-] Camera-6000 proxy printer→[IP]:41770: 237 bytes
2026-09-12 13:57:08,692 DEBUG [backend.app.services.virtual_printer.tcp_proxy] [-] Camera-6000 proxy printer→[IP]:41770: 1400 bytes
2026-09-12 13:57:08,693 DEBUG [backend.app.services.virtual_printer.tcp_proxy] [-] Camera-6000 proxy printer→[IP]:41770: 1400 bytes
2026-09-12 13:57:08,694 DEBUG [backend.app.services.virtual_printer.tcp_proxy] [-] Camera-6000 proxy printer→[IP]:41770: 1325 bytes
2026-09-12 13:57:08,709 DEBUG [backend.app.services.virtual_printer.tcp_proxy] [-] Camera-6000 proxy printer→[IP]:41770: 2800 bytes
2026-09-12 13:57:08,711 DEBUG [backend.app.services.virtual_printer.tcp_proxy] [-] Camera-6000 proxy printer→[IP]:41770: 1325 bytes
2026-09-12 13:57:08,723 DEBUG [backend.app.services.virtual_printer.tcp_proxy] [-] Camera-6000 proxy printer→[IP]:41770: 2800 bytes
2026-09-12 13:57:08,724 DEBUG [backend.app.services.virtual_printer.tcp_proxy] [-] Camera-6000 proxy printer→[IP]:41770: 237 bytes
2026-09-12 13:57:08,736 DEBUG [backend.app.services.virtual_printer.tcp_proxy] [-] Camera-6000 proxy printer→[IP]:41770: 1400 bytes
2026-09-12 13:57:08,738 DEBUG [backend.app.services.virtual_printer.tcp_proxy] [-] Camera-6000 proxy printer→[IP]:41770: 1400 bytes
2026-09-12 13:57:08,740 DEBUG [backend.app.services.virtual_printer.tcp_proxy] [-] Camera-6000 proxy printer→[IP]:41770: 1325 bytes
2026-09-12 13:57:08,751 DEBUG [backend.app.services.virtual_printer.tcp_proxy] [-] Camera-6000 proxy printer→[IP]:41770: 1400 bytes
2026-09-12 13:57:08,752 DEBUG [backend.app.services.virtual_printer.tcp_proxy] [-] Camera-6000 proxy printer→[IP]:41770: 1400 bytes
2026-09-12 13:57:08,753 DEBUG [backend.app.services.virtual_printer.tcp_proxy] [-] Camera-6000 proxy printer→[IP]:41770: 1325 bytes
2026-09-12 13:57:08,764 DEBUG [backend.app.services.virtual_printer.tcp_proxy] [-] Camera-6000 proxy printer→[IP]:41770: 1400 bytes
2026-09-12 13:57:08,764 DEBUG [backend.app.services.virtual_printer.tcp_proxy] [-] Camera-6000 proxy printer→[IP]:41770: 1400 bytes
2026-09-12 13:57:08,767 DEBUG [backend.app.services.virtual_printer.tcp_proxy] [-] Camera-6000 proxy printer→[IP]:41770: 237 bytes
2026-09-12 13:57:08,778 DEBUG [backend.app.services.virtual_printer.tcp_proxy] [-] Camera-6000 proxy printer→[IP]:41770: 2800 bytes
2026-09-12 13:57:08,785 DEBUG [backend.app.services.virtual_printer.tcp_proxy] [-] Camera-6000 proxy printer→[IP]:41770: 1325 bytes
2026-09-12 13:57:08,793 DEBUG [backend.app.services.virtual_printer.tcp_proxy] [-] Camera-6000 proxy printer→[IP]:41770: 1400 bytes
2026-09-12 13:57:08,794 DEBUG [backend.app.services.virtual_printer.tcp_proxy] [-] Camera-6000 proxy printer→[IP]:41770: 1400 bytes
2026-09-12 13:57:08,795 DEBUG [backend.app.services.virtual_printer.tcp_proxy] [-] Camera-6000 proxy printer→[IP]:41770: 1325 bytes
2026-09-12 13:57:08,805 DEBUG [backend.app.services.virtual_printer.tcp_proxy] [-] Camera-6000 proxy printer→[IP]:41770: 1400 bytes
2026-09-12 13:57:08,807 DEBUG [backend.app.services.virtual_printer.tcp_proxy] [-] Camera-6000 proxy printer→[IP]:41770: 1400 bytes
2026-09-12 13:57:08,809 DEBUG [backend.app.services.virtual_printer.tcp_proxy] [-] Camera-6000 proxy printer→[IP]:41770: 237 bytes
2026-09-12 13:57:08,820 DEBUG [backend.app.services.virtual_printer.tcp_proxy] [-] Camera-6000 proxy printer→[IP]:41770: 1400 bytes
2026-09-12 13:57:08,820 DEBUG [backend.app.services.virtual_printer.tcp_proxy] [-] Camera-6000 proxy printer→[IP]:41770: 1400 bytes
2026-09-12 13:57:08,822 DEBUG [backend.app.services.virtual_printer.tcp_proxy] [-] Camera-6000 proxy printer→[IP]:41770: 1199 bytes
2026-09-12 13:57:09,975 DEBUG [backend.app.services.virtual_printer.tcp_proxy] [-] Camera-6000 proxy printer→[IP]:41770: 45 bytes
2026-09-12 13:57:09,988 DEBUG [backend.app.main] [-] [[PRINTER]] Runtime tracking: added 30s, total=769514s (213.75h)
2026-09-12 13:57:09,988 DEBUG [backend.app.services.virtual_printer.tcp_proxy] [-] Camera-6000 proxy printer→[IP]:41770: 1400 bytes
2026-09-12 13:57:09,989 DEBUG [backend.app.services.virtual_printer.tcp_proxy] [-] Camera-6000 proxy printer→[IP]:41770: 1400 bytes
2026-09-12 13:57:09,991 DEBUG [backend.app.main] [-] Updated runtime for 1 printer(s)
2026-09-12 13:57:09,991 DEBUG [backend.app.services.virtual_printer.tcp_proxy] [-] Camera-6000 proxy printer→[IP]:41770: 1325 bytes
2026-09-12 13:57:10,006 DEBUG [backend.app.services.virtual_printer.tcp_proxy] [-] Camera-6000 proxy printer→[IP]:41770: 1400 bytes
2026-09-12 13:57:10,006 DEBUG [backend.app.services.virtual_printer.tcp_proxy] [-] Camera-6000 proxy printer→[IP]:41770: 1400 bytes
2026-09-12 13:57:10,014 DEBUG [backend.app.services.virtual_printer.tcp_proxy] [-] Camera-6000 proxy printer→[IP]:41770: 1325 bytes
2026-09-12 13:57:10,015 DEBUG [backend.app.services.virtual_printer.tcp_proxy] [-] Camera-6000 proxy printer→[IP]:41770: 1400 bytes
2026-09-12 13:57:10,017 DEBUG [backend.app.services.virtual_printer.tcp_proxy] [-] Camera-6000 proxy printer→[IP]:41770: 1400 bytes
2026-09-12 13:57:10,019 DEBUG [backend.app.services.virtual_printer.tcp_proxy] [-] Camera-6000 proxy printer→[IP]:41770: 237 bytes
2026-09-12 13:57:10,033 DEBUG [backend.app.services.virtual_printer.tcp_proxy] [-] Camera-6000 proxy printer→[IP]:41770: 1400 bytes
2026-09-12 13:57:10,033 DEBUG [backend.app.services.virtual_printer.tcp_proxy] [-] Camera-6000 proxy printer→[IP]:41770: 1400 bytes
2026-09-12 13:57:10,035 DEBUG [backend.app.services.virtual_printer.tcp_proxy] [-] Camera-6000 proxy printer→[IP]:41770: 1325 bytes
2026-09-12 13:57:10,049 DEBUG [backend.app.services.virtual_printer.tcp_proxy] [-] Camera-6000 proxy printer→[IP]:41770: 1400 bytes
2026-09-12 13:57:10,049 DEBUG [backend.app.services.virtual_printer.tcp_proxy] [-] Camera-6000 proxy printer→[IP]:41770: 1400 bytes
2026-09-12 13:57:10,051 DEBUG [backend.app.services.virtual_printer.tcp_proxy] [-] Camera-6000 proxy printer→[IP]:41770: 1325 bytes
2026-09-12 13:57:10,062 DEBUG [backend.app.services.virtual_printer.tcp_proxy] [-] Camera-6000 proxy printer→[IP]:41770: 1400 bytes
2026-09-12 13:57:10,063 DEBUG [backend.app.services.virtual_printer.tcp_proxy] [-] Camera-6000 proxy printer→[IP]:41770: 1400 bytes
2026-09-12 13:57:10,064 DEBUG [backend.app.services.virtual_printer.tcp_proxy] [-] Camera-6000 proxy printer→[IP]:41770: 237 bytes
2026-09-12 13:57:10,079 DEBUG [backend.app.services.virtual_printer.tcp_proxy] [-] Camera-6000 proxy printer→[IP]:41770: 1400 bytes
2026-09-12 13:57:10,079 DEBUG [backend.app.services.virtual_printer.tcp_proxy] [-] Camera-6000 proxy printer→[IP]:41770: 1400 bytes
2026-09-12 13:57:10,081 DEBUG [backend.app.services.virtual_printer.tcp_proxy] [-] Camera-6000 proxy printer→[IP]:41770: 1325 bytes
2026-09-12 13:57:10,095 DEBUG [backend.app.services.virtual_printer.tcp_proxy] [-] Camera-6000 proxy printer→[IP]:41770: 1400 bytes
2026-09-12 13:57:10,095 DEBUG [backend.app.services.virtual_printer.tcp_proxy] [-] Camera-6000 proxy printer→[IP]:41770: 1400 bytes
2026-09-12 13:57:10,098 DEBUG [backend.app.services.virtual_printer.tcp_proxy] [-] Camera-6000 proxy printer→[IP]:41770: 1325 bytes
2026-09-12 13:57:10,108 DEBUG [backend.app.services.virtual_printer.tcp_proxy] [-] Camera-6000 proxy printer→[IP]:41770: 1400 bytes
2026-09-12 13:57:10,109 DEBUG [backend.app.services.virtual_printer.tcp_proxy] [-] Camera-6000 proxy printer→[IP]:41770: 1400 bytes
2026-09-12 13:57:10,117 DEBUG [backend.app.services.virtual_printer.tcp_proxy] [-] Camera-6000 proxy printer→[IP]:41770: 237 bytes
2026-09-12 13:57:10,124 DEBUG [backend.app.services.virtual_printer.tcp_proxy] [-] Camera-6000 proxy printer→[IP]:41770: 1400 bytes
2026-09-12 13:57:10,125 DEBUG [backend.app.services.virtual_printer.tcp_proxy] [-] Camera-6000 proxy printer→[IP]:41770: 1400 bytes
2026-09-12 13:57:10,127 DEBUG [backend.app.services.virtual_printer.tcp_proxy] [-] Camera-6000 proxy printer→[IP]:41770: 1325 bytes
2026-09-12 13:57:10,139 DEBUG [backend.app.services.virtual_printer.tcp_proxy] [-] Camera-6000 proxy printer→[IP]:41770: 1400 bytes
2026-09-12 13:57:10,143 DEBUG [backend.app.services.virtual_printer.tcp_proxy] [-] Camera-6000 proxy printer→[IP]:41770: 1400 bytes
2026-09-12 13:57:10,144 DEBUG [backend.app.services.virtual_printer.tcp_proxy] [-] Camera-6000 proxy printer→[IP]:41770: 1325 bytes
2026-09-12 13:57:10,151 DEBUG [backend.app.services.virtual_printer.tcp_proxy] [-] Camera-6000 proxy printer→[IP]:41770: 1400 bytes
2026-09-12 13:57:10,152 DEBUG [backend.app.services.virtual_printer.tcp_proxy] [-] Camera-6000 proxy printer→[IP]:41770: 1400 bytes
2026-09-12 13:57:10,153 DEBUG [backend.app.services.virtual_printer.tcp_proxy] [-] Camera-6000 proxy printer→[IP]:41770: 237 bytes
2026-09-12 13:57:10,167 DEBUG [backend.app.services.virtual_printer.tcp_proxy] [-] Camera-6000 proxy printer→[IP]:41770: 1400 bytes
2026-09-12 13:57:10,167 DEBUG [backend.app.services.virtual_printer.tcp_proxy] [-] Camera-6000 proxy printer→[IP]:41770: 1400 bytes
2026-09-12 13:57:10,169 DEBUG [backend.app.services.virtual_printer.tcp_proxy] [-] Camera-6000 proxy printer→[IP]:41770: 1079 bytes
2026-09-12 13:57:10,351 DEBUG [backend.app.services.bambu_mqtt] [-] [[SERIAL]] Received command response: push_status
2026-09-12 13:57:10,352 DEBUG [backend.app.services.bambu_mqtt] [-] [[SERIAL]] wifi_signal received: -50dBm
2026-09-12 13:57:11,309 DEBUG [backend.app.services.virtual_printer.tcp_proxy] [-] Camera-6000 proxy printer→[IP]:41770: 45 bytes
2026-09-12 13:57:11,320 DEBUG [backend.app.services.virtual_printer.tcp_proxy] [-] Camera-6000 proxy printer→[IP]:41770: 1400 bytes
2026-09-12 13:57:11,320 DEBUG [backend.app.services.virtual_printer.tcp_proxy] [-] Camera-6000 proxy printer→[IP]:41770: 1400 bytes
2026-09-12 13:57:11,322 DEBUG [backend.app.services.virtual_printer.tcp_proxy] [-] Camera-6000 proxy printer→[IP]:41770: 1325 bytes
2026-09-12 13:57:11,342 DEBUG [backend.app.services.virtual_printer.tcp_proxy] [-] Camera-6000 proxy printer→[IP]:41770: 1400 bytes
2026-09-12 13:57:11,345 DEBUG [backend.app.services.virtual_printer.tcp_proxy] [-] Camera-6000 proxy printer→[IP]:41770: 1400 bytes
2026-09-12 13:57:11,347 DEBUG [backend.app.services.virtual_printer.tcp_proxy] [-] Camera-6000 proxy printer→[IP]:41770: 1325 bytes
2026-09-12 13:57:11,351 DEBUG [backend.app.services.virtual_printer.tcp_proxy] [-] Camera-6000 proxy printer→[IP]:41770: 1400 bytes
2026-09-12 13:57:11,351 DEBUG [backend.app.services.virtual_printer.tcp_proxy] [-] Camera-6000 proxy printer→[IP]:41770: 1400 bytes
2026-09-12 13:57:11,353 DEBUG [backend.app.services.virtual_printer.tcp_proxy] [-] Camera-6000 proxy printer→[IP]:41770: 237 bytes
2026-09-12 13:57:11,370 DEBUG [backend.app.services.virtual_printer.tcp_proxy] [-] Camera-6000 proxy printer→[IP]:41770: 2800 bytes
2026-09-12 13:57:11,373 DEBUG [backend.app.services.virtual_printer.tcp_proxy] [-] Camera-6000 proxy printer→[IP]:41770: 1325 bytes
2026-09-12 13:57:11,384 DEBUG [backend.app.services.virtual_printer.tcp_proxy] [-] Camera-6000 proxy printer→[IP]:41770: 2800 bytes
2026-09-12 13:57:11,386 DEBUG [backend.app.services.virtual_printer.tcp_proxy] [-] Camera-6000 proxy printer→[IP]:41770: 1325 bytes
2026-09-12 13:57:11,396 DEBUG [backend.app.services.virtual_printer.tcp_proxy] [-] Camera-6000 proxy printer→[IP]:41770: 1400 bytes
2026-09-12 13:57:11,396 DEBUG [backend.app.services.virtual_printer.tcp_proxy] [-] Camera-6000 proxy printer→[IP]:41770: 1400 bytes
2026-09-12 13:57:11,398 DEBUG [backend.app.services.virtual_printer.tcp_proxy] [-] Camera-6000 proxy printer→[IP]:41770: 237 bytes
2026-09-12 13:57:11,411 DEBUG [backend.app.services.virtual_printer.tcp_proxy] [-] Camera-6000 proxy printer→[IP]:41770: 2800 bytes
2026-09-12 13:57:11,413 DEBUG [backend.app.services.virtual_printer.tcp_proxy] [-] Camera-6000 proxy printer→[IP]:41770: 1325 bytes
2026-09-12 13:57:11,426 DEBUG [backend.app.services.virtual_printer.tcp_proxy] [-] Camera-6000 proxy printer→[IP]:41770: 2800 bytes
2026-09-12 13:57:11,429 DEBUG [backend.app.services.virtual_printer.tcp_proxy] [-] Camera-6000 proxy printer→[IP]:41770: 1325 bytes
2026-09-12 13:57:11,440 DEBUG [backend.app.services.virtual_printer.tcp_proxy] [-] Camera-6000 proxy printer→[IP]:41770: 1400 bytes
2026-09-12 13:57:11,440 DEBUG [backend.app.services.virtual_printer.tcp_proxy] [-] Camera-6000 proxy printer→[IP]:41770: 1400 bytes
2026-09-12 13:57:11,447 DEBUG [backend.app.services.virtual_printer.tcp_proxy] [-] Camera-6000 proxy printer→[IP]:41770: 237 bytes
2026-09-12 13:57:11,452 DEBUG [backend.app.services.virtual_printer.tcp_proxy] [-] Camera-6000 proxy printer→[IP]:41770: 1400 bytes
2026-09-12 13:57:11,452 DEBUG [backend.app.services.virtual_printer.tcp_proxy] [-] Camera-6000 proxy printer→[IP]:41770: 1400 bytes
2026-09-12 13:57:11,454 DEBUG [backend.app.services.virtual_printer.tcp_proxy] [-] Camera-6000 proxy printer→[IP]:41770: 1325 bytes
2026-09-12 13:57:11,468 DEBUG [backend.app.services.virtual_printer.tcp_proxy] [-] Camera-6000 proxy printer→[IP]:41770: 2800 bytes
2026-09-12 13:57:11,473 DEBUG [backend.app.services.virtual_printer.tcp_proxy] [-] Camera-6000 proxy printer→[IP]:41770: 1325 bytes
2026-09-12 13:57:11,481 DEBUG [backend.app.services.virtual_printer.tcp_proxy] [-] Camera-6000 proxy printer→[IP]:41770: 2800 bytes
2026-09-12 13:57:11,483 DEBUG [backend.app.services.virtual_printer.tcp_proxy] [-] Camera-6000 proxy printer→[IP]:41770: 237 bytes
2026-09-12 13:57:11,496 DEBUG [backend.app.services.virtual_printer.tcp_proxy] [-] Camera-6000 proxy printer→[IP]:41770: 1400 bytes
2026-09-12 13:57:11,496 DEBUG [backend.app.services.virtual_printer.tcp_proxy] [-] Camera-6000 proxy printer→[IP]:41770: 1400 bytes
2026-09-12 13:57:11,498 DEBUG [backend.app.services.virtual_printer.tcp_proxy] [-] Camera-6000 proxy printer→[IP]:41770: 1148 bytes
2026-09-12 13:57:12,374 DEBUG [backend.app.services.bambu_mqtt] [-] [[SERIAL]] Received command response: push_status
2026-09-12 13:57:12,374 DEBUG [backend.app.services.bambu_mqtt] [-] [[SERIAL]] wifi_signal received: -51dBm
2026-09-12 13:57:12,680 DEBUG [backend.app.services.virtual_printer.tcp_proxy] [-] Camera-6000 proxy printer→[IP]:41770: 45 bytes
2026-09-12 13:57:12,695 DEBUG [backend.app.services.virtual_printer.tcp_proxy] [-] Camera-6000 proxy printer→[IP]:41770: 1400 bytes
2026-09-12 13:57:12,695 DEBUG [backend.app.services.virtual_printer.tcp_proxy] [-] Camera-6000 proxy printer→[IP]:41770: 1400 bytes
2026-09-12 13:57:12,697 DEBUG [backend.app.services.virtual_printer.tcp_proxy] [-] Camera-6000 proxy printer→[IP]:41770: 1325 bytes
2026-09-12 13:57:12,711 DEBUG [backend.app.services.virtual_printer.tcp_proxy] [-] Camera-6000 proxy printer→[IP]:41770: 1400 bytes
2026-09-12 13:57:12,711 DEBUG [backend.app.services.virtual_printer.tcp_proxy] [-] Camera-6000 proxy printer→[IP]:41770: 1400 bytes
2026-09-12 13:57:12,713 DEBUG [backend.app.services.virtual_printer.tcp_proxy] [-] Camera-6000 proxy printer→[IP]:41770: 1325 bytes
2026-09-12 13:57:12,724 DEBUG [backend.app.services.virtual_printer.tcp_proxy] [-] Camera-6000 proxy printer→[IP]:41770: 1400 bytes
2026-09-12 13:57:12,724 DEBUG [backend.app.services.virtual_printer.tcp_proxy] [-] Camera-6000 proxy printer→[IP]:41770: 1400 bytes
2026-09-12 13:57:12,725 DEBUG [backend.app.services.virtual_printer.tcp_proxy] [-] Camera-6000 proxy printer→[IP]:41770: 237 bytes
2026-09-12 13:57:12,741 DEBUG [backend.app.services.virtual_printer.tcp_proxy] [-] Camera-6000 proxy printer→[IP]:41770: 1400 bytes
2026-09-12 13:57:12,741 DEBUG [backend.app.services.virtual_printer.tcp_proxy] [-] Camera-6000 proxy printer→[IP]:41770: 1400 bytes
2026-09-12 13:57:12,743 DEBUG [backend.app.services.virtual_printer.tcp_proxy] [-] Camera-6000 proxy printer→[IP]:41770: 1325 bytes
2026-09-12 13:57:12,759 DEBUG [backend.app.services.virtual_printer.tcp_proxy] [-] Camera-6000 proxy printer→[IP]:41770: 2800 bytes
2026-09-12 13:57:12,762 DEBUG [backend.app.services.virtual_printer.tcp_proxy] [-] Camera-6000 proxy printer→[IP]:41770: 1325 bytes
2026-09-12 13:57:12,772 DEBUG [backend.app.services.virtual_printer.tcp_proxy] [-] Camera-6000 proxy printer→[IP]:41770: 1400 bytes
2026-09-12 13:57:12,786 DEBUG [backend.app.services.virtual_printer.tcp_proxy] [-] Camera-6000 proxy printer→[IP]:41770: 2800 bytes
2026-09-12 13:57:12,786 DEBUG [backend.app.services.virtual_printer.tcp_proxy] [-] Camera-6000 proxy printer→[IP]:41770: 2800 bytes
2026-09-12 13:57:12,787 DEBUG [backend.app.services.virtual_printer.tcp_proxy] [-] Camera-6000 proxy printer→[IP]:41770: 162 bytes
2026-09-12 13:57:12,799 DEBUG [backend.app.services.virtual_printer.tcp_proxy] [-] Camera-6000 proxy printer→[IP]:41770: 1400 bytes
2026-09-12 13:57:12,799 DEBUG [backend.app.services.virtual_printer.tcp_proxy] [-] Camera-6000 proxy printer→[IP]:41770: 1400 bytes
2026-09-12 13:57:12,801 DEBUG [backend.app.services.virtual_printer.tcp_proxy] [-] Camera-6000 proxy printer→[IP]:41770: 1325 bytes
2026-09-12 13:57:12,811 DEBUG [backend.app.services.virtual_printer.tcp_proxy] [-] Camera-6000 proxy printer→[IP]:41770: 1400 bytes
2026-09-12 13:57:12,811 DEBUG [backend.app.services.virtual_printer.tcp_proxy] [-] Camera-6000 proxy printer→[IP]:41770: 1400 bytes
2026-09-12 13:57:12,812 DEBUG [backend.app.services.virtual_printer.tcp_proxy] [-] Camera-6000 proxy printer→[IP]:41770: 237 bytes
2026-09-12 13:57:12,826 DEBUG [backend.app.services.virtual_printer.tcp_proxy] [-] Camera-6000 proxy printer→[IP]:41770: 1400 bytes
2026-09-12 13:57:12,827 DEBUG [backend.app.services.virtual_printer.tcp_proxy] [-] Camera-6000 proxy printer→[IP]:41770: 1400 bytes
2026-09-12 13:57:12,828 DEBUG [backend.app.services.virtual_printer.tcp_proxy] [-] Camera-6000 proxy printer→[IP]:41770: 1325 bytes
2026-09-12 13:57:12,841 DEBUG [backend.app.services.virtual_printer.tcp_proxy] [-] Camera-6000 proxy printer→[IP]:41770: 1400 bytes
2026-09-12 13:57:12,842 DEBUG [backend.app.services.virtual_printer.tcp_proxy] [-] Camera-6000 proxy printer→[IP]:41770: 1400 bytes
2026-09-12 13:57:12,843 DEBUG [backend.app.services.virtual_printer.tcp_proxy] [-] Camera-6000 proxy printer→[IP]:41770: 1325 bytes
2026-09-12 13:57:12,854 DEBUG [backend.app.services.virtual_printer.tcp_proxy] [-] Camera-6000 proxy printer→[IP]:41770: 1400 bytes
2026-09-12 13:57:12,855 DEBUG [backend.app.services.virtual_printer.tcp_proxy] [-] Camera-6000 proxy printer→[IP]:41770: 1400 bytes
2026-09-12 13:57:12,857 DEBUG [backend.app.services.virtual_printer.tcp_proxy] [-] Camera-6000 proxy printer→[IP]:41770: 237 bytes
2026-09-12 13:57:12,869 DEBUG [backend.app.services.virtual_printer.tcp_proxy] [-] Camera-6000 proxy printer→[IP]:41770: 1400 bytes
2026-09-12 13:57:12,870 DEBUG [backend.app.services.virtual_printer.tcp_proxy] [-] Camera-6000 proxy printer→[IP]:41770: 1400 bytes
2026-09-12 13:57:12,873 DEBUG [backend.app.services.virtual_printer.tcp_proxy] [-] Camera-6000 proxy printer→[IP]:41770: 1094 bytes