2026-09-25 01:21:07,812 DEBUG [backend.app.services.bambu_mqtt] [-] [[SERIAL]] Parsing xcam data - all fields: ['allow_skip_parts', 'buildplate_marker_detector', 'first_layer_inspector', 'halt_print_sensitivity', 'print_halt', 'printing_monitor', 'spaghetti_detector']
2026-09-25 01:21:07,813 DEBUG [backend.app.services.bambu_mqtt] [-] [[SERIAL]] Received gcode_state: RUNNING, gcode_file: /data/Metadata/plate_1.gcode, subtask_name: 02_-_Touch_Display_2_-_Self-Aligning_Rear_Lid_-_Multicolor_Green
2026-09-25 01:21:07,813 DEBUG [backend.app.services.bambu_mqtt] [-] [[SERIAL]] Received command response: push_status
2026-09-25 01:21:07,814 DEBUG [backend.app.services.bambu_mqtt] [-] [[SERIAL]] chamber_temper raw value: 37.0
2026-09-25 01:21:07,814 DEBUG [backend.app.services.bambu_mqtt] [-] [[SERIAL]] chamber_temper direct value: 37.0°C (heater OFF)
2026-09-25 01:21:07,815 DEBUG [backend.app.services.bambu_mqtt] [-] [[SERIAL]] HMS data received: []
2026-09-25 01:21:07,815 DEBUG [backend.app.services.bambu_mqtt] [-] [[SERIAL]] lights_report: [{'mode': 'on', 'node': 'chamber_light'}, {'mode': 'flashing', 'node': 'work_light'}]
2026-09-25 01:21:07,815 DEBUG [backend.app.services.bambu_mqtt] [-] [[SERIAL]] gcode_state: RUNNING -> RUNNING, file: /data/Metadata/plate_1.gcode, subtask: 02_-_Touch_Display_2_-_Self-Aligning_Rear_Lid_-_Multicolor_Green
2026-09-25 01:21:07,971 DEBUG [backend.app.services.bambu_mqtt] [-] [[SERIAL]] Found xcam inside print data: {'allow_skip_parts': False, 'buildplate_marker_detector': True, 'first_layer_inspector': True, 'halt_print_sensitivity': 'medium', 'print_halt': True, 'printing_monitor': True, 'spaghetti_detector': True}
2026-09-25 01:21:07,972 DEBUG [backend.app.services.bambu_mqtt] [-] [[SERIAL]] Parsing xcam data - all fields: ['allow_skip_parts', 'buildplate_marker_detector', 'first_layer_inspector', 'halt_print_sensitivity', 'print_halt', 'printing_monitor', 'spaghetti_detector']
2026-09-25 01:21:07,972 DEBUG [backend.app.services.bambu_mqtt] [-] [[SERIAL]] Received gcode_state: IDLE, gcode_file: , subtask_name: 
2026-09-25 01:21:07,972 DEBUG [backend.app.services.bambu_mqtt] [-] [[SERIAL]] ams_extruder_map: {'0': 0, '1': 0, '2': 0}
2026-09-25 01:21:07,973 DEBUG [backend.app.services.bambu_mqtt] [-] [[SERIAL]] Received command response: push_status
2026-09-25 01:21:07,973 DEBUG [backend.app.services.bambu_mqtt] [-] [[SERIAL]] chamber_temper raw value: 29.0
2026-09-25 01:21:07,973 DEBUG [backend.app.services.bambu_mqtt] [-] [[SERIAL]] chamber_temper direct value: 29.0°C (heater OFF)
2026-09-25 01:21:07,974 DEBUG [backend.app.services.bambu_mqtt] [-] [[SERIAL]] HMS data received: []
2026-09-25 01:21:07,974 DEBUG [backend.app.services.bambu_mqtt] [-] [[SERIAL]] lights_report: [{'mode': 'off', 'node': 'chamber_light'}, {'mode': 'flashing', 'node': 'work_light'}]
2026-09-25 01:21:07,975 DEBUG [backend.app.services.bambu_mqtt] [-] [[SERIAL]] gcode_state: IDLE -> IDLE, file: , subtask: 
2026-09-25 01:21:08,172 DEBUG [backend.app.services.bambu_mqtt] [-] [[SERIAL]] Found xcam inside print data: {'allow_skip_parts': False, 'buildplate_marker_detector': True, 'first_layer_inspector': True, 'halt_print_sensitivity': 'medium', 'print_halt': True, 'printing_monitor': True, 'spaghetti_detector': True}
2026-09-25 01:21:08,172 DEBUG [backend.app.services.bambu_mqtt] [-] [[SERIAL]] Parsing xcam data - all fields: ['allow_skip_parts', 'buildplate_marker_detector', 'first_layer_inspector', 'halt_print_sensitivity', 'print_halt', 'printing_monitor', 'spaghetti_detector']
2026-09-25 01:21:08,172 DEBUG [backend.app.services.bambu_mqtt] [-] [[SERIAL]] Received gcode_state: RUNNING, gcode_file: /data/Metadata/plate_1.gcode, subtask_name: AMS_SuperMesh_-_Middle_Only_-_6_Boxes_6_Lids_-_PETG_Gray_-_Engineering_Glue_-_No_Brim_-_Foopie
2026-09-25 01:21:08,173 DEBUG [backend.app.services.bambu_mqtt] [-] [[SERIAL]] Received command response: push_status
2026-09-25 01:21:08,174 DEBUG [backend.app.services.bambu_mqtt] [-] [[SERIAL]] chamber_temper raw value: 38.0
2026-09-25 01:21:08,174 DEBUG [backend.app.services.bambu_mqtt] [-] [[SERIAL]] chamber_temper direct value: 38.0°C (heater OFF)
2026-09-25 01:21:08,174 DEBUG [backend.app.services.bambu_mqtt] [-] [[SERIAL]] HMS data received: []
2026-09-25 01:21:08,175 DEBUG [backend.app.services.bambu_mqtt] [-] [[SERIAL]] lights_report: [{'mode': 'on', 'node': 'chamber_light'}, {'mode': 'flashing', 'node': 'work_light'}]
2026-09-25 01:21:08,175 DEBUG [backend.app.services.bambu_mqtt] [-] [[SERIAL]] gcode_state: RUNNING -> RUNNING, file: /data/Metadata/plate_1.gcode, subtask: AMS_SuperMesh_-_Middle_Only_-_6_Boxes_6_Lids_-_PETG_Gray_-_Engineering_Glue_-_No_Brim_-_Foopie
2026-09-25 01:21:08,352 INFO [uvicorn.access] [-] [IP]:50944 - "POST /api/v1/spoolbuddy/scale/reading HTTP/1.1" 200
2026-09-25 01:21:08,478 INFO [backend.app.services.camera] [-] Successfully captured camera frame bytes: 171757 bytes
2026-09-25 01:21:08,823 DEBUG [backend.app.services.bambu_mqtt] [-] [[SERIAL]] Found xcam inside print data: {'allow_skip_parts': False, 'buildplate_marker_detector': True, 'first_layer_inspector': True, 'halt_print_sensitivity': 'medium', 'print_halt': True, 'printing_monitor': True, 'spaghetti_detector': True}
2026-09-25 01:21:08,824 DEBUG [backend.app.services.bambu_mqtt] [-] [[SERIAL]] Parsing xcam data - all fields: ['allow_skip_parts', 'buildplate_marker_detector', 'first_layer_inspector', 'halt_print_sensitivity', 'print_halt', 'printing_monitor', 'spaghetti_detector']
2026-09-25 01:21:08,824 DEBUG [backend.app.services.bambu_mqtt] [-] [[SERIAL]] Received gcode_state: RUNNING, gcode_file: /data/Metadata/plate_1.gcode, subtask_name: 02_-_Touch_Display_2_-_Self-Aligning_Rear_Lid_-_Multicolor_Green
2026-09-25 01:21:08,825 DEBUG [backend.app.services.bambu_mqtt] [-] [[SERIAL]] Received command response: push_status
2026-09-25 01:21:08,825 DEBUG [backend.app.services.bambu_mqtt] [-] [[SERIAL]] chamber_temper raw value: 37.0
2026-09-25 01:21:08,826 DEBUG [backend.app.services.bambu_mqtt] [-] [[SERIAL]] chamber_temper direct value: 37.0°C (heater OFF)
2026-09-25 01:21:08,826 DEBUG [backend.app.services.bambu_mqtt] [-] [[SERIAL]] HMS data received: []
2026-09-25 01:21:08,826 DEBUG [backend.app.services.bambu_mqtt] [-] [[SERIAL]] lights_report: [{'mode': 'on', 'node': 'chamber_light'}, {'mode': 'flashing', 'node': 'work_light'}]
2026-09-25 01:21:08,827 DEBUG [backend.app.services.bambu_mqtt] [-] [[SERIAL]] gcode_state: RUNNING -> RUNNING, file: /data/Metadata/plate_1.gcode, subtask: 02_-_Touch_Display_2_-_Self-Aligning_Rear_Lid_-_Multicolor_Green
2026-09-25 01:21:08,985 DEBUG [backend.app.services.bambu_mqtt] [-] [[SERIAL]] Found xcam inside print data: {'allow_skip_parts': False, 'buildplate_marker_detector': True, 'first_layer_inspector': True, 'halt_print_sensitivity': 'medium', 'print_halt': True, 'printing_monitor': True, 'spaghetti_detector': True}
2026-09-25 01:21:08,985 DEBUG [backend.app.services.bambu_mqtt] [-] [[SERIAL]] Parsing xcam data - all fields: ['allow_skip_parts', 'buildplate_marker_detector', 'first_layer_inspector', 'halt_print_sensitivity', 'print_halt', 'printing_monitor', 'spaghetti_detector']
2026-09-25 01:21:08,986 DEBUG [backend.app.services.bambu_mqtt] [-] [[SERIAL]] Received gcode_state: IDLE, gcode_file: , subtask_name: 
2026-09-25 01:21:08,986 DEBUG [backend.app.services.bambu_mqtt] [-] [[SERIAL]] ams_extruder_map: {'0': 0, '1': 0, '2': 0}
2026-09-25 01:21:08,987 DEBUG [backend.app.services.bambu_mqtt] [-] [[SERIAL]] Received command response: push_status
2026-09-25 01:21:08,987 DEBUG [backend.app.services.bambu_mqtt] [-] [[SERIAL]] chamber_temper raw value: 29.0
2026-09-25 01:21:08,988 DEBUG [backend.app.services.bambu_mqtt] [-] [[SERIAL]] chamber_temper direct value: 29.0°C (heater OFF)
2026-09-25 01:21:08,988 DEBUG [backend.app.services.bambu_mqtt] [-] [[SERIAL]] HMS data received: []
2026-09-25 01:21:08,990 DEBUG [backend.app.services.bambu_mqtt] [-] [[SERIAL]] lights_report: [{'mode': 'off', 'node': 'chamber_light'}, {'mode': 'flashing', 'node': 'work_light'}]
2026-09-25 01:21:08,991 DEBUG [backend.app.services.bambu_mqtt] [-] [[SERIAL]] gcode_state: IDLE -> IDLE, file: , subtask: 
2026-09-25 01:21:08,995 DEBUG [backend.app.services.camera] [-] TLS proxy for [IP]:322 listening on [IP]:34679
2026-09-25 01:21:08,995 INFO [backend.app.services.camera] [-] Capturing camera frame bytes from [IP] using RTSP (model: X1C)
2026-09-25 01:21:09,180 DEBUG [backend.app.services.bambu_mqtt] [-] [[SERIAL]] Found xcam inside print data: {'allow_skip_parts': False, 'buildplate_marker_detector': True, 'first_layer_inspector': True, 'halt_print_sensitivity': 'medium', 'print_halt': True, 'printing_monitor': True, 'spaghetti_detector': True}
2026-09-25 01:21:09,181 DEBUG [backend.app.services.bambu_mqtt] [-] [[SERIAL]] Parsing xcam data - all fields: ['allow_skip_parts', 'buildplate_marker_detector', 'first_layer_inspector', 'halt_print_sensitivity', 'print_halt', 'printing_monitor', 'spaghetti_detector']
2026-09-25 01:21:09,181 DEBUG [backend.app.services.bambu_mqtt] [-] [[SERIAL]] Received gcode_state: RUNNING, gcode_file: /data/Metadata/plate_1.gcode, subtask_name: AMS_SuperMesh_-_Middle_Only_-_6_Boxes_6_Lids_-_PETG_Gray_-_Engineering_Glue_-_No_Brim_-_Foopie
2026-09-25 01:21:09,182 DEBUG [backend.app.services.bambu_mqtt] [-] [[SERIAL]] Received command response: push_status
2026-09-25 01:21:09,183 DEBUG [backend.app.services.bambu_mqtt] [-] [[SERIAL]] chamber_temper raw value: 38.0
2026-09-25 01:21:09,183 DEBUG [backend.app.services.bambu_mqtt] [-] [[SERIAL]] chamber_temper direct value: 38.0°C (heater OFF)
2026-09-25 01:21:09,184 DEBUG [backend.app.services.bambu_mqtt] [-] [[SERIAL]] HMS data received: []
2026-09-25 01:21:09,184 DEBUG [backend.app.services.bambu_mqtt] [-] [[SERIAL]] lights_report: [{'mode': 'on', 'node': 'chamber_light'}, {'mode': 'flashing', 'node': 'work_light'}]
2026-09-25 01:21:09,185 DEBUG [backend.app.services.bambu_mqtt] [-] [[SERIAL]] gcode_state: RUNNING -> RUNNING, file: /data/Metadata/plate_1.gcode, subtask: AMS_SuperMesh_-_Middle_Only_-_6_Boxes_6_Lids_-_PETG_Gray_-_Engineering_Glue_-_No_Brim_-_Foopie
2026-09-25 01:21:09,337 INFO [uvicorn.access] [-] [IP]:50968 - "POST /api/v1/spoolbuddy/scale/reading HTTP/1.1" 200
2026-09-25 01:21:09,867 DEBUG [backend.app.services.bambu_mqtt] [-] [[SERIAL]] Found xcam inside print data: {'allow_skip_parts': False, 'buildplate_marker_detector': True, 'first_layer_inspector': True, 'halt_print_sensitivity': 'medium', 'print_halt': True, 'printing_monitor': True, 'spaghetti_detector': True}
2026-09-25 01:21:09,867 DEBUG [backend.app.services.bambu_mqtt] [-] [[SERIAL]] Parsing xcam data - all fields: ['allow_skip_parts', 'buildplate_marker_detector', 'first_layer_inspector', 'halt_print_sensitivity', 'print_halt', 'printing_monitor', 'spaghetti_detector']
2026-09-25 01:21:09,867 DEBUG [backend.app.services.bambu_mqtt] [-] [[SERIAL]] Received gcode_state: RUNNING, gcode_file: /data/Metadata/plate_1.gcode, subtask_name: 02_-_Touch_Display_2_-_Self-Aligning_Rear_Lid_-_Multicolor_Green
2026-09-25 01:21:09,868 DEBUG [backend.app.services.bambu_mqtt] [-] [[SERIAL]] Received command response: push_status
2026-09-25 01:21:09,868 DEBUG [backend.app.services.bambu_mqtt] [-] [[SERIAL]] chamber_temper raw value: 37.0
2026-09-25 01:21:09,869 DEBUG [backend.app.services.bambu_mqtt] [-] [[SERIAL]] chamber_temper direct value: 37.0°C (heater OFF)
2026-09-25 01:21:09,869 DEBUG [backend.app.services.bambu_mqtt] [-] [[SERIAL]] HMS data received: []
2026-09-25 01:21:09,870 DEBUG [backend.app.services.bambu_mqtt] [-] [[SERIAL]] lights_report: [{'mode': 'on', 'node': 'chamber_light'}, {'mode': 'flashing', 'node': 'work_light'}]
2026-09-25 01:21:09,870 DEBUG [backend.app.services.bambu_mqtt] [-] [[SERIAL]] gcode_state: RUNNING -> RUNNING, file: /data/Metadata/plate_1.gcode, subtask: 02_-_Touch_Display_2_-_Self-Aligning_Rear_Lid_-_Multicolor_Green
2026-09-25 01:21:09,995 DEBUG [backend.app.services.bambu_mqtt] [-] [[SERIAL]] Found xcam inside print data: {'allow_skip_parts': False, 'buildplate_marker_detector': True, 'first_layer_inspector': True, 'halt_print_sensitivity': 'medium', 'print_halt': True, 'printing_monitor': True, 'spaghetti_detector': True}
2026-09-25 01:21:09,996 DEBUG [backend.app.services.bambu_mqtt] [-] [[SERIAL]] Parsing xcam data - all fields: ['allow_skip_parts', 'buildplate_marker_detector', 'first_layer_inspector', 'halt_print_sensitivity', 'print_halt', 'printing_monitor', 'spaghetti_detector']
2026-09-25 01:21:09,996 DEBUG [backend.app.services.bambu_mqtt] [-] [[SERIAL]] Received gcode_state: IDLE, gcode_file: , subtask_name: 
2026-09-25 01:21:09,997 DEBUG [backend.app.services.bambu_mqtt] [-] [[SERIAL]] ams_extruder_map: {'0': 0, '1': 0, '2': 0}
2026-09-25 01:21:09,998 DEBUG [backend.app.services.bambu_mqtt] [-] [[SERIAL]] Received command response: push_status
2026-09-25 01:21:10,001 DEBUG [backend.app.services.bambu_mqtt] [-] [[SERIAL]] chamber_temper raw value: 29.0
2026-09-25 01:21:10,001 DEBUG [backend.app.services.bambu_mqtt] [-] [[SERIAL]] chamber_temper direct value: 29.0°C (heater OFF)
2026-09-25 01:21:10,002 DEBUG [backend.app.services.bambu_mqtt] [-] [[SERIAL]] HMS data received: []
2026-09-25 01:21:10,003 DEBUG [backend.app.services.bambu_mqtt] [-] [[SERIAL]] lights_report: [{'mode': 'off', 'node': 'chamber_light'}, {'mode': 'flashing', 'node': 'work_light'}]
2026-09-25 01:21:10,003 DEBUG [backend.app.services.bambu_mqtt] [-] [[SERIAL]] gcode_state: IDLE -> IDLE, file: , subtask: 
2026-09-25 01:21:10,218 DEBUG [backend.app.services.bambu_mqtt] [-] [[SERIAL]] Found xcam inside print data: {'allow_skip_parts': False, 'buildplate_marker_detector': True, 'first_layer_inspector': True, 'halt_print_sensitivity': 'medium', 'print_halt': True, 'printing_monitor': True, 'spaghetti_detector': True}
2026-09-25 01:21:10,219 DEBUG [backend.app.services.bambu_mqtt] [-] [[SERIAL]] Parsing xcam data - all fields: ['allow_skip_parts', 'buildplate_marker_detector', 'first_layer_inspector', 'halt_print_sensitivity', 'print_halt', 'printing_monitor', 'spaghetti_detector']
2026-09-25 01:21:10,219 DEBUG [backend.app.services.bambu_mqtt] [-] [[SERIAL]] Received gcode_state: RUNNING, gcode_file: /data/Metadata/plate_1.gcode, subtask_name: AMS_SuperMesh_-_Middle_Only_-_6_Boxes_6_Lids_-_PETG_Gray_-_Engineering_Glue_-_No_Brim_-_Foopie
2026-09-25 01:21:10,220 DEBUG [backend.app.services.bambu_mqtt] [-] [[SERIAL]] Received command response: push_status
2026-09-25 01:21:10,220 DEBUG [backend.app.services.bambu_mqtt] [-] [[SERIAL]] chamber_temper raw value: 38.0
2026-09-25 01:21:10,220 DEBUG [backend.app.services.bambu_mqtt] [-] [[SERIAL]] chamber_temper direct value: 38.0°C (heater OFF)
2026-09-25 01:21:10,221 DEBUG [backend.app.services.bambu_mqtt] [-] [[SERIAL]] HMS data received: []
2026-09-25 01:21:10,221 DEBUG [backend.app.services.bambu_mqtt] [-] [[SERIAL]] lights_report: [{'mode': 'on', 'node': 'chamber_light'}, {'mode': 'flashing', 'node': 'work_light'}]
2026-09-25 01:21:10,222 DEBUG [backend.app.services.bambu_mqtt] [-] [[SERIAL]] gcode_state: RUNNING -> RUNNING, file: /data/Metadata/plate_1.gcode, subtask: AMS_SuperMesh_-_Middle_Only_-_6_Boxes_6_Lids_-_PETG_Gray_-_Engineering_Glue_-_No_Brim_-_Foopie
2026-09-25 01:21:10,466 INFO [uvicorn.access] [-] [IP]:50980 - "POST /api/v1/spoolbuddy/scale/reading HTTP/1.1" 200
2026-09-25 01:21:10,614 INFO [uvicorn.access] [-] [IP]:50986 - "POST /api/v1/spoolbuddy/devices/spoolbuddy-scale-3bplus/heartbeat HTTP/1.1" 200
2026-09-25 01:21:10,868 DEBUG [backend.app.services.bambu_mqtt] [-] [[SERIAL]] Found xcam inside print data: {'allow_skip_parts': False, 'buildplate_marker_detector': True, 'first_layer_inspector': True, 'halt_print_sensitivity': 'medium', 'print_halt': True, 'printing_monitor': True, 'spaghetti_detector': True}
2026-09-25 01:21:10,868 DEBUG [backend.app.services.bambu_mqtt] [-] [[SERIAL]] Parsing xcam data - all fields: ['allow_skip_parts', 'buildplate_marker_detector', 'first_layer_inspector', 'halt_print_sensitivity', 'print_halt', 'printing_monitor', 'spaghetti_detector']
2026-09-25 01:21:10,868 DEBUG [backend.app.services.bambu_mqtt] [-] [[SERIAL]] Received gcode_state: RUNNING, gcode_file: /data/Metadata/plate_1.gcode, subtask_name: 02_-_Touch_Display_2_-_Self-Aligning_Rear_Lid_-_Multicolor_Green
2026-09-25 01:21:10,869 DEBUG [backend.app.services.bambu_mqtt] [-] [[SERIAL]] Received command response: push_status
2026-09-25 01:21:10,870 DEBUG [backend.app.services.bambu_mqtt] [-] [[SERIAL]] chamber_temper raw value: 37.0
2026-09-25 01:21:10,870 DEBUG [backend.app.services.bambu_mqtt] [-] [[SERIAL]] chamber_temper direct value: 37.0°C (heater OFF)
2026-09-25 01:21:10,870 DEBUG [backend.app.services.bambu_mqtt] [-] [[SERIAL]] HMS data received: []
2026-09-25 01:21:10,871 DEBUG [backend.app.services.bambu_mqtt] [-] [[SERIAL]] lights_report: [{'mode': 'on', 'node': 'chamber_light'}, {'mode': 'flashing', 'node': 'work_light'}]
2026-09-25 01:21:10,872 DEBUG [backend.app.services.bambu_mqtt] [-] [[SERIAL]] gcode_state: RUNNING -> RUNNING, file: /data/Metadata/plate_1.gcode, subtask: 02_-_Touch_Display_2_-_Self-Aligning_Rear_Lid_-_Multicolor_Green
2026-09-25 01:21:11,004 DEBUG [backend.app.services.bambu_mqtt] [-] [[SERIAL]] Found xcam inside print data: {'allow_skip_parts': False, 'buildplate_marker_detector': True, 'first_layer_inspector': True, 'halt_print_sensitivity': 'medium', 'print_halt': True, 'printing_monitor': True, 'spaghetti_detector': True}
2026-09-25 01:21:11,004 DEBUG [backend.app.services.bambu_mqtt] [-] [[SERIAL]] Parsing xcam data - all fields: ['allow_skip_parts', 'buildplate_marker_detector', 'first_layer_inspector', 'halt_print_sensitivity', 'print_halt', 'printing_monitor', 'spaghetti_detector']
2026-09-25 01:21:11,004 DEBUG [backend.app.services.bambu_mqtt] [-] [[SERIAL]] Received gcode_state: IDLE, gcode_file: , subtask_name: 
2026-09-25 01:21:11,005 DEBUG [backend.app.services.bambu_mqtt] [-] [[SERIAL]] ams_extruder_map: {'0': 0, '1': 0, '2': 0}
2026-09-25 01:21:11,006 DEBUG [backend.app.services.bambu_mqtt] [-] [[SERIAL]] Received command response: push_status
2026-09-25 01:21:11,006 DEBUG [backend.app.services.bambu_mqtt] [-] [[SERIAL]] chamber_temper raw value: 29.0
2026-09-25 01:21:11,006 DEBUG [backend.app.services.bambu_mqtt] [-] [[SERIAL]] chamber_temper direct value: 29.0°C (heater OFF)
2026-09-25 01:21:11,007 DEBUG [backend.app.services.bambu_mqtt] [-] [[SERIAL]] HMS data received: []
2026-09-25 01:21:11,007 DEBUG [backend.app.services.bambu_mqtt] [-] [[SERIAL]] lights_report: [{'mode': 'off', 'node': 'chamber_light'}, {'mode': 'flashing', 'node': 'work_light'}]
2026-09-25 01:21:11,008 DEBUG [backend.app.services.bambu_mqtt] [-] [[SERIAL]] gcode_state: IDLE -> IDLE, file: , subtask: 
2026-09-25 01:21:11,232 DEBUG [backend.app.services.bambu_mqtt] [-] [[SERIAL]] Found xcam inside print data: {'allow_skip_parts': False, 'buildplate_marker_detector': True, 'first_layer_inspector': True, 'halt_print_sensitivity': 'medium', 'print_halt': True, 'printing_monitor': True, 'spaghetti_detector': True}
2026-09-25 01:21:11,233 DEBUG [backend.app.services.bambu_mqtt] [-] [[SERIAL]] Parsing xcam data - all fields: ['allow_skip_parts', 'buildplate_marker_detector', 'first_layer_inspector', 'halt_print_sensitivity', 'print_halt', 'printing_monitor', 'spaghetti_detector']
2026-09-25 01:21:11,233 DEBUG [backend.app.services.bambu_mqtt] [-] [[SERIAL]] Received gcode_state: RUNNING, gcode_file: /data/Metadata/plate_1.gcode, subtask_name: AMS_SuperMesh_-_Middle_Only_-_6_Boxes_6_Lids_-_PETG_Gray_-_Engineering_Glue_-_No_Brim_-_Foopie
2026-09-25 01:21:11,234 DEBUG [backend.app.services.bambu_mqtt] [-] [[SERIAL]] Received command response: push_status
2026-09-25 01:21:11,234 DEBUG [backend.app.services.bambu_mqtt] [-] [[SERIAL]] chamber_temper raw value: 38.0
2026-09-25 01:21:11,234 DEBUG [backend.app.services.bambu_mqtt] [-] [[SERIAL]] chamber_temper direct value: 38.0°C (heater OFF)
2026-09-25 01:21:11,235 DEBUG [backend.app.services.bambu_mqtt] [-] [[SERIAL]] HMS data received: []
2026-09-25 01:21:11,235 DEBUG [backend.app.services.bambu_mqtt] [-] [[SERIAL]] lights_report: [{'mode': 'on', 'node': 'chamber_light'}, {'mode': 'flashing', 'node': 'work_light'}]
2026-09-25 01:21:11,236 DEBUG [backend.app.services.bambu_mqtt] [-] [[SERIAL]] gcode_state: RUNNING -> RUNNING, file: /data/Metadata/plate_1.gcode, subtask: AMS_SuperMesh_-_Middle_Only_-_6_Boxes_6_Lids_-_PETG_Gray_-_Engineering_Glue_-_No_Brim_-_Foopie
2026-09-25 01:21:11,559 INFO [uvicorn.access] [-] [IP]:50998 - "POST /api/v1/spoolbuddy/scale/reading HTTP/1.1" 200
2026-09-25 01:21:11,787 INFO [backend.app.services.camera] [-] Successfully captured camera frame bytes: 85857 bytes
2026-09-25 01:21:11,890 DEBUG [backend.app.services.bambu_mqtt] [-] [[SERIAL]] Found xcam inside print data: {'allow_skip_parts': False, 'buildplate_marker_detector': True, 'first_layer_inspector': True, 'halt_print_sensitivity': 'medium', 'print_halt': True, 'printing_monitor': True, 'spaghetti_detector': True}
2026-09-25 01:21:11,891 DEBUG [backend.app.services.bambu_mqtt] [-] [[SERIAL]] Parsing xcam data - all fields: ['allow_skip_parts', 'buildplate_marker_detector', 'first_layer_inspector', 'halt_print_sensitivity', 'print_halt', 'printing_monitor', 'spaghetti_detector']
2026-09-25 01:21:11,891 DEBUG [backend.app.services.bambu_mqtt] [-] [[SERIAL]] Received gcode_state: RUNNING, gcode_file: /data/Metadata/plate_1.gcode, subtask_name: 02_-_Touch_Display_2_-_Self-Aligning_Rear_Lid_-_Multicolor_Green
2026-09-25 01:21:11,892 DEBUG [backend.app.services.bambu_mqtt] [-] [[SERIAL]] Received command response: push_status
2026-09-25 01:21:11,892 DEBUG [backend.app.services.bambu_mqtt] [-] [[SERIAL]] chamber_temper raw value: 37.0
2026-09-25 01:21:11,893 DEBUG [backend.app.services.bambu_mqtt] [-] [[SERIAL]] chamber_temper direct value: 37.0°C (heater OFF)
2026-09-25 01:21:11,893 DEBUG [backend.app.services.bambu_mqtt] [-] [[SERIAL]] HMS data received: []
2026-09-25 01:21:11,893 DEBUG [backend.app.services.bambu_mqtt] [-] [[SERIAL]] lights_report: [{'mode': 'on', 'node': 'chamber_light'}, {'mode': 'flashing', 'node': 'work_light'}]
2026-09-25 01:21:11,894 DEBUG [backend.app.services.bambu_mqtt] [-] [[SERIAL]] gcode_state: RUNNING -> RUNNING, file: /data/Metadata/plate_1.gcode, subtask: 02_-_Touch_Display_2_-_Self-Aligning_Rear_Lid_-_Multicolor_Green
2026-09-25 01:21:12,043 DEBUG [backend.app.services.bambu_mqtt] [-] [[SERIAL]] Found xcam inside print data: {'allow_skip_parts': False, 'buildplate_marker_detector': True, 'first_layer_inspector': True, 'halt_print_sensitivity': 'medium', 'print_halt': True, 'printing_monitor': True, 'spaghetti_detector': True}
2026-09-25 01:21:12,044 DEBUG [backend.app.services.bambu_mqtt] [-] [[SERIAL]] Parsing xcam data - all fields: ['allow_skip_parts', 'buildplate_marker_detector', 'first_layer_inspector', 'halt_print_sensitivity', 'print_halt', 'printing_monitor', 'spaghetti_detector']
2026-09-25 01:21:12,044 DEBUG [backend.app.services.bambu_mqtt] [-] [[SERIAL]] Received gcode_state: IDLE, gcode_file: , subtask_name: 
2026-09-25 01:21:12,045 DEBUG [backend.app.services.bambu_mqtt] [-] [[SERIAL]] ams_extruder_map: {'0': 0, '1': 0, '2': 0}
2026-09-25 01:21:12,045 DEBUG [backend.app.services.bambu_mqtt] [-] [[SERIAL]] Received command response: push_status
2026-09-25 01:21:12,046 DEBUG [backend.app.services.bambu_mqtt] [-] [[SERIAL]] chamber_temper raw value: 29.0
2026-09-25 01:21:12,046 DEBUG [backend.app.services.bambu_mqtt] [-] [[SERIAL]] chamber_temper direct value: 29.0°C (heater OFF)
2026-09-25 01:21:12,046 DEBUG [backend.app.services.bambu_mqtt] [-] [[SERIAL]] HMS data received: []
2026-09-25 01:21:12,047 DEBUG [backend.app.services.bambu_mqtt] [-] [[SERIAL]] lights_report: [{'mode': 'off', 'node': 'chamber_light'}, {'mode': 'flashing', 'node': 'work_light'}]
2026-09-25 01:21:12,047 DEBUG [backend.app.services.bambu_mqtt] [-] [[SERIAL]] gcode_state: IDLE -> IDLE, file: , subtask: 
2026-09-25 01:21:12,278 DEBUG [backend.app.services.bambu_mqtt] [-] [[SERIAL]] Found xcam inside print data: {'allow_skip_parts': False, 'buildplate_marker_detector': True, 'first_layer_inspector': True, 'halt_print_sensitivity': 'medium', 'print_halt': True, 'printing_monitor': True, 'spaghetti_detector': True}
2026-09-25 01:21:12,278 DEBUG [backend.app.services.bambu_mqtt] [-] [[SERIAL]] Parsing xcam data - all fields: ['allow_skip_parts', 'buildplate_marker_detector', 'first_layer_inspector', 'halt_print_sensitivity', 'print_halt', 'printing_monitor', 'spaghetti_detector']
2026-09-25 01:21:12,279 DEBUG [backend.app.services.bambu_mqtt] [-] [[SERIAL]] Received gcode_state: RUNNING, gcode_file: /data/Metadata/plate_1.gcode, subtask_name: AMS_SuperMesh_-_Middle_Only_-_6_Boxes_6_Lids_-_PETG_Gray_-_Engineering_Glue_-_No_Brim_-_Foopie
2026-09-25 01:21:12,279 DEBUG [backend.app.services.bambu_mqtt] [-] [[SERIAL]] Received command response: push_status
2026-09-25 01:21:12,280 DEBUG [backend.app.services.bambu_mqtt] [-] [[SERIAL]] chamber_temper raw value: 38.0
2026-09-25 01:21:12,280 DEBUG [backend.app.services.bambu_mqtt] [-] [[SERIAL]] chamber_temper direct value: 38.0°C (heater OFF)
2026-09-25 01:21:12,280 DEBUG [backend.app.services.bambu_mqtt] [-] [[SERIAL]] HMS data received: []
2026-09-25 01:21:12,281 DEBUG [backend.app.services.bambu_mqtt] [-] [[SERIAL]] lights_report: [{'mode': 'on', 'node': 'chamber_light'}, {'mode': 'flashing', 'node': 'work_light'}]
2026-09-25 01:21:12,281 DEBUG [backend.app.services.bambu_mqtt] [-] [[SERIAL]] gcode_state: RUNNING -> RUNNING, file: /data/Metadata/plate_1.gcode, subtask: AMS_SuperMesh_-_Middle_Only_-_6_Boxes_6_Lids_-_PETG_Gray_-_Engineering_Glue_-_No_Brim_-_Foopie
2026-09-25 01:21:12,624 INFO [uvicorn.access] [-] [IP]:35416 - "POST /api/v1/spoolbuddy/scale/reading HTTP/1.1" 200
2026-09-25 01:21:12,914 DEBUG [backend.app.services.bambu_mqtt] [-] [[SERIAL]] Found xcam inside print data: {'allow_skip_parts': False, 'buildplate_marker_detector': True, 'first_layer_inspector': True, 'halt_print_sensitivity': 'medium', 'print_halt': True, 'printing_monitor': True, 'spaghetti_detector': True}
2026-09-25 01:21:12,915 DEBUG [backend.app.services.bambu_mqtt] [-] [[SERIAL]] Parsing xcam data - all fields: ['allow_skip_parts', 'buildplate_marker_detector', 'first_layer_inspector', 'halt_print_sensitivity', 'print_halt', 'printing_monitor', 'spaghetti_detector']
2026-09-25 01:21:12,915 DEBUG [backend.app.services.bambu_mqtt] [-] [[SERIAL]] Received gcode_state: RUNNING, gcode_file: /data/Metadata/plate_1.gcode, subtask_name: 02_-_Touch_Display_2_-_Self-Aligning_Rear_Lid_-_Multicolor_Green
2026-09-25 01:21:12,916 DEBUG [backend.app.services.bambu_mqtt] [-] [[SERIAL]] Received command response: push_status
2026-09-25 01:21:12,916 DEBUG [backend.app.services.bambu_mqtt] [-] [[SERIAL]] chamber_temper raw value: 37.0
2026-09-25 01:21:12,917 DEBUG [backend.app.services.bambu_mqtt] [-] [[SERIAL]] chamber_temper direct value: 37.0°C (heater OFF)
2026-09-25 01:21:12,919 DEBUG [backend.app.services.bambu_mqtt] [-] [[SERIAL]] HMS data received: []
2026-09-25 01:21:12,920 DEBUG [backend.app.services.bambu_mqtt] [-] [[SERIAL]] lights_report: [{'mode': 'on', 'node': 'chamber_light'}, {'mode': 'flashing', 'node': 'work_light'}]
2026-09-25 01:21:12,920 DEBUG [backend.app.services.bambu_mqtt] [-] [[SERIAL]] gcode_state: RUNNING -> RUNNING, file: /data/Metadata/plate_1.gcode, subtask: 02_-_Touch_Display_2_-_Self-Aligning_Rear_Lid_-_Multicolor_Green
2026-09-25 01:21:12,932 INFO [backend.app.main] [-] [SNAPSHOT] Capturing fresh frame for printer 3
2026-09-25 01:21:12,935 DEBUG [backend.app.services.camera] [-] TLS proxy for [IP]:322 listening on [IP]:42885
2026-09-25 01:21:12,935 INFO [backend.app.services.camera] [-] Capturing camera frame bytes from [IP] using RTSP (model: X1C)
2026-09-25 01:21:13,063 DEBUG [backend.app.services.bambu_mqtt] [-] [[SERIAL]] Found xcam inside print data: {'allow_skip_parts': False, 'buildplate_marker_detector': True, 'first_layer_inspector': True, 'halt_print_sensitivity': 'medium', 'print_halt': True, 'printing_monitor': True, 'spaghetti_detector': True}
2026-09-25 01:21:13,065 DEBUG [backend.app.services.bambu_mqtt] [-] [[SERIAL]] Parsing xcam data - all fields: ['allow_skip_parts', 'buildplate_marker_detector', 'first_layer_inspector', 'halt_print_sensitivity', 'print_halt', 'printing_monitor', 'spaghetti_detector']
2026-09-25 01:21:13,066 DEBUG [backend.app.services.bambu_mqtt] [-] [[SERIAL]] Received gcode_state: IDLE, gcode_file: , subtask_name: 
2026-09-25 01:21:13,067 DEBUG [backend.app.services.bambu_mqtt] [-] [[SERIAL]] ams_extruder_map: {'0': 0, '1': 0, '2': 0}
2026-09-25 01:21:13,068 DEBUG [backend.app.services.bambu_mqtt] [-] [[SERIAL]] Received command response: push_status
2026-09-25 01:21:13,068 DEBUG [backend.app.services.bambu_mqtt] [-] [[SERIAL]] chamber_temper raw value: 29.0
2026-09-25 01:21:13,069 DEBUG [backend.app.services.bambu_mqtt] [-] [[SERIAL]] chamber_temper direct value: 29.0°C (heater OFF)
2026-09-25 01:21:13,069 DEBUG [backend.app.services.bambu_mqtt] [-] [[SERIAL]] HMS data received: []
2026-09-25 01:21:13,071 DEBUG [backend.app.services.bambu_mqtt] [-] [[SERIAL]] lights_report: [{'mode': 'off', 'node': 'chamber_light'}, {'mode': 'flashing', 'node': 'work_light'}]
2026-09-25 01:21:13,073 DEBUG [backend.app.services.bambu_mqtt] [-] [[SERIAL]] gcode_state: IDLE -> IDLE, file: , subtask: 
2026-09-25 01:21:13,301 DEBUG [backend.app.services.bambu_mqtt] [-] [[SERIAL]] Found xcam inside print data: {'allow_skip_parts': False, 'buildplate_marker_detector': True, 'first_layer_inspector': True, 'halt_print_sensitivity': 'medium', 'print_halt': True, 'printing_monitor': True, 'spaghetti_detector': True}
2026-09-25 01:21:13,301 DEBUG [backend.app.services.bambu_mqtt] [-] [[SERIAL]] Parsing xcam data - all fields: ['allow_skip_parts', 'buildplate_marker_detector', 'first_layer_inspector', 'halt_print_sensitivity', 'print_halt', 'printing_monitor', 'spaghetti_detector']
2026-09-25 01:21:13,302 DEBUG [backend.app.services.bambu_mqtt] [-] [[SERIAL]] Received gcode_state: RUNNING, gcode_file: /data/Metadata/plate_1.gcode, subtask_name: AMS_SuperMesh_-_Middle_Only_-_6_Boxes_6_Lids_-_PETG_Gray_-_Engineering_Glue_-_No_Brim_-_Foopie
2026-09-25 01:21:13,303 DEBUG [backend.app.services.bambu_mqtt] [-] [[SERIAL]] Received command response: push_status
2026-09-25 01:21:13,303 DEBUG [backend.app.services.bambu_mqtt] [-] [[SERIAL]] chamber_temper raw value: 38.0
2026-09-25 01:21:13,304 DEBUG [backend.app.services.bambu_mqtt] [-] [[SERIAL]] chamber_temper direct value: 38.0°C (heater OFF)
2026-09-25 01:21:13,304 DEBUG [backend.app.services.bambu_mqtt] [-] [[SERIAL]] HMS data received: []
2026-09-25 01:21:13,305 DEBUG [backend.app.services.bambu_mqtt] [-] [[SERIAL]] lights_report: [{'mode': 'on', 'node': 'chamber_light'}, {'mode': 'flashing', 'node': 'work_light'}]
2026-09-25 01:21:13,305 DEBUG [backend.app.services.bambu_mqtt] [-] [[SERIAL]] gcode_state: RUNNING -> RUNNING, file: /data/Metadata/plate_1.gcode, subtask: AMS_SuperMesh_-_Middle_Only_-_6_Boxes_6_Lids_-_PETG_Gray_-_Engineering_Glue_-_No_Brim_-_Foopie
2026-09-25 01:21:13,735 INFO [uvicorn.access] [-] [IP]:35432 - "POST /api/v1/spoolbuddy/scale/reading HTTP/1.1" 200
2026-09-25 01:21:13,939 DEBUG [backend.app.services.bambu_mqtt] [-] [[SERIAL]] Found xcam inside print data: {'allow_skip_parts': False, 'buildplate_marker_detector': True, 'first_layer_inspector': True, 'halt_print_sensitivity': 'medium', 'print_halt': True, 'printing_monitor': True, 'spaghetti_detector': True}
2026-09-25 01:21:13,940 DEBUG [backend.app.services.bambu_mqtt] [-] [[SERIAL]] Parsing xcam data - all fields: ['allow_skip_parts', 'buildplate_marker_detector', 'first_layer_inspector', 'halt_print_sensitivity', 'print_halt', 'printing_monitor', 'spaghetti_detector']
2026-09-25 01:21:13,940 DEBUG [backend.app.services.bambu_mqtt] [-] [[SERIAL]] Received gcode_state: RUNNING, gcode_file: /data/Metadata/plate_1.gcode, subtask_name: 02_-_Touch_Display_2_-_Self-Aligning_Rear_Lid_-_Multicolor_Green
2026-09-25 01:21:13,941 DEBUG [backend.app.services.bambu_mqtt] [-] [[SERIAL]] Received command response: push_status
2026-09-25 01:21:13,941 DEBUG [backend.app.services.bambu_mqtt] [-] [[SERIAL]] chamber_temper raw value: 37.0
2026-09-25 01:21:13,941 DEBUG [backend.app.services.bambu_mqtt] [-] [[SERIAL]] chamber_temper direct value: 37.0°C (heater OFF)
2026-09-25 01:21:13,942 DEBUG [backend.app.services.bambu_mqtt] [-] [[SERIAL]] HMS data received: []
2026-09-25 01:21:13,942 DEBUG [backend.app.services.bambu_mqtt] [-] [[SERIAL]] lights_report: [{'mode': 'on', 'node': 'chamber_light'}, {'mode': 'flashing', 'node': 'work_light'}]
2026-09-25 01:21:13,943 DEBUG [backend.app.services.bambu_mqtt] [-] [[SERIAL]] gcode_state: RUNNING -> RUNNING, file: /data/Metadata/plate_1.gcode, subtask: 02_-_Touch_Display_2_-_Self-Aligning_Rear_Lid_-_Multicolor_Green
2026-09-25 01:21:14,065 DEBUG [backend.app.services.bambu_mqtt] [-] [[SERIAL]] Found xcam inside print data: {'allow_skip_parts': False, 'buildplate_marker_detector': True, 'first_layer_inspector': True, 'halt_print_sensitivity': 'medium', 'print_halt': True, 'printing_monitor': True, 'spaghetti_detector': True}
2026-09-25 01:21:14,065 DEBUG [backend.app.services.bambu_mqtt] [-] [[SERIAL]] Parsing xcam data - all fields: ['allow_skip_parts', 'buildplate_marker_detector', 'first_layer_inspector', 'halt_print_sensitivity', 'print_halt', 'printing_monitor', 'spaghetti_detector']
2026-09-25 01:21:14,065 DEBUG [backend.app.services.bambu_mqtt] [-] [[SERIAL]] Received gcode_state: IDLE, gcode_file: , subtask_name: 
2026-09-25 01:21:14,066 DEBUG [backend.app.services.bambu_mqtt] [-] [[SERIAL]] ams_extruder_map: {'0': 0, '1': 0, '2': 0}
2026-09-25 01:21:14,067 DEBUG [backend.app.services.bambu_mqtt] [-] [[SERIAL]] Received command response: push_status
2026-09-25 01:21:14,067 DEBUG [backend.app.services.bambu_mqtt] [-] [[SERIAL]] chamber_temper raw value: 29.0
2026-09-25 01:21:14,067 DEBUG [backend.app.services.bambu_mqtt] [-] [[SERIAL]] chamber_temper direct value: 29.0°C (heater OFF)
2026-09-25 01:21:14,068 DEBUG [backend.app.services.bambu_mqtt] [-] [[SERIAL]] HMS data received: []
2026-09-25 01:21:14,068 DEBUG [backend.app.services.bambu_mqtt] [-] [[SERIAL]] lights_report: [{'mode': 'off', 'node': 'chamber_light'}, {'mode': 'flashing', 'node': 'work_light'}]
2026-09-25 01:21:14,069 DEBUG [backend.app.services.bambu_mqtt] [-] [[SERIAL]] gcode_state: IDLE -> IDLE, file: , subtask: 